Archive member included to satisfy reference by file (symbol)

d:/siliconlabs/simplicitystudio/v4/developer/toolchains/gnu_arm/7.2_2017q4/bin/../lib/gcc/arm-none-eabi/7.2.1/thumb/v8-m.main/fpv5-sp/softfp\libgcc.a(_aeabi_ldivmod.o)
                              ./emlib/em_eusart.o (__aeabi_ldivmod)
d:/siliconlabs/simplicitystudio/v4/developer/toolchains/gnu_arm/7.2_2017q4/bin/../lib/gcc/arm-none-eabi/7.2.1/thumb/v8-m.main/fpv5-sp/softfp\libgcc.a(_aeabi_uldivmod.o)
                              ./emlib/em_eusart.o (__aeabi_uldivmod)
d:/siliconlabs/simplicitystudio/v4/developer/toolchains/gnu_arm/7.2_2017q4/bin/../lib/gcc/arm-none-eabi/7.2.1/thumb/v8-m.main/fpv5-sp/softfp\libgcc.a(_udivmoddi4.o)
                              d:/siliconlabs/simplicitystudio/v4/developer/toolchains/gnu_arm/7.2_2017q4/bin/../lib/gcc/arm-none-eabi/7.2.1/thumb/v8-m.main/fpv5-sp/softfp\libgcc.a(_aeabi_ldivmod.o) (__udivmoddi4)
d:/siliconlabs/simplicitystudio/v4/developer/toolchains/gnu_arm/7.2_2017q4/bin/../lib/gcc/arm-none-eabi/7.2.1/thumb/v8-m.main/fpv5-sp/softfp\libgcc.a(_dvmd_tls.o)
                              d:/siliconlabs/simplicitystudio/v4/developer/toolchains/gnu_arm/7.2_2017q4/bin/../lib/gcc/arm-none-eabi/7.2.1/thumb/v8-m.main/fpv5-sp/softfp\libgcc.a(_aeabi_ldivmod.o) (__aeabi_ldiv0)
d:/siliconlabs/simplicitystudio/v4/developer/toolchains/gnu_arm/7.2_2017q4/bin/../lib/gcc/arm-none-eabi/7.2.1/../../../../arm-none-eabi/lib/thumb/v8-m.main/fpv5-sp/softfp\libc_nano.a(lib_a-exit.o)
                              d:/siliconlabs/simplicitystudio/v4/developer/toolchains/gnu_arm/7.2_2017q4/bin/../lib/gcc/arm-none-eabi/7.2.1/../../../../arm-none-eabi/lib/thumb/v8-m.main/fpv5-sp/softfp/crt0.o (exit)
d:/siliconlabs/simplicitystudio/v4/developer/toolchains/gnu_arm/7.2_2017q4/bin/../lib/gcc/arm-none-eabi/7.2.1/../../../../arm-none-eabi/lib/thumb/v8-m.main/fpv5-sp/softfp\libc_nano.a(lib_a-impure.o)
                              d:/siliconlabs/simplicitystudio/v4/developer/toolchains/gnu_arm/7.2_2017q4/bin/../lib/gcc/arm-none-eabi/7.2.1/../../../../arm-none-eabi/lib/thumb/v8-m.main/fpv5-sp/softfp\libc_nano.a(lib_a-exit.o) (_global_impure_ptr)
d:/siliconlabs/simplicitystudio/v4/developer/toolchains/gnu_arm/7.2_2017q4/bin/../lib/gcc/arm-none-eabi/7.2.1/../../../../arm-none-eabi/lib/thumb/v8-m.main/fpv5-sp/softfp\libc_nano.a(lib_a-init.o)
                              d:/siliconlabs/simplicitystudio/v4/developer/toolchains/gnu_arm/7.2_2017q4/bin/../lib/gcc/arm-none-eabi/7.2.1/../../../../arm-none-eabi/lib/thumb/v8-m.main/fpv5-sp/softfp/crt0.o (__libc_init_array)
d:/siliconlabs/simplicitystudio/v4/developer/toolchains/gnu_arm/7.2_2017q4/bin/../lib/gcc/arm-none-eabi/7.2.1/../../../../arm-none-eabi/lib/thumb/v8-m.main/fpv5-sp/softfp\libc_nano.a(lib_a-memset.o)
                              d:/siliconlabs/simplicitystudio/v4/developer/toolchains/gnu_arm/7.2_2017q4/bin/../lib/gcc/arm-none-eabi/7.2.1/../../../../arm-none-eabi/lib/thumb/v8-m.main/fpv5-sp/softfp/crt0.o (memset)
d:/siliconlabs/simplicitystudio/v4/developer/toolchains/gnu_arm/7.2_2017q4/bin/../lib/gcc/arm-none-eabi/7.2.1/../../../../arm-none-eabi/lib/thumb/v8-m.main/fpv5-sp/softfp\libnosys.a(_exit.o)
                              d:/siliconlabs/simplicitystudio/v4/developer/toolchains/gnu_arm/7.2_2017q4/bin/../lib/gcc/arm-none-eabi/7.2.1/../../../../arm-none-eabi/lib/thumb/v8-m.main/fpv5-sp/softfp\libc_nano.a(lib_a-exit.o) (_exit)

Allocating common symbols
Common symbol       size              file

rs0_val             0x1               ./src/main.o
xset_val            0x1               ./src/main.o
rs1_val             0x1               ./src/main.o
los_old             0x1               ./src/main.o
xset_clk_old        0x1               ./src/main.o
oldnENdata          0x1               ./src/main.o
oldseldata          0x1               ./src/main.o
seldata             0x1               ./src/main.o
reg_val             0x1               ./src/main.o
sel2_val            0x1               ./src/main.o
sel1_val            0x1               ./src/main.o
lol                 0x1               ./src/main.o
sel0_val            0x1               ./src/main.o
xset_clk            0x1               ./src/main.o
lol_old             0x1               ./src/main.o
los                 0x1               ./src/main.o
nENdata             0x1               ./src/main.o

Discarded input sections

 .text          0x00000000        0x0 d:/siliconlabs/simplicitystudio/v4/developer/toolchains/gnu_arm/7.2_2017q4/bin/../lib/gcc/arm-none-eabi/7.2.1/thumb/v8-m.main/fpv5-sp/softfp/crti.o
 .data          0x00000000        0x0 d:/siliconlabs/simplicitystudio/v4/developer/toolchains/gnu_arm/7.2_2017q4/bin/../lib/gcc/arm-none-eabi/7.2.1/thumb/v8-m.main/fpv5-sp/softfp/crti.o
 .bss           0x00000000        0x0 d:/siliconlabs/simplicitystudio/v4/developer/toolchains/gnu_arm/7.2_2017q4/bin/../lib/gcc/arm-none-eabi/7.2.1/thumb/v8-m.main/fpv5-sp/softfp/crti.o
 .data          0x00000000        0x4 d:/siliconlabs/simplicitystudio/v4/developer/toolchains/gnu_arm/7.2_2017q4/bin/../lib/gcc/arm-none-eabi/7.2.1/thumb/v8-m.main/fpv5-sp/softfp/crtbegin.o
 .data          0x00000000        0x0 d:/siliconlabs/simplicitystudio/v4/developer/toolchains/gnu_arm/7.2_2017q4/bin/../lib/gcc/arm-none-eabi/7.2.1/../../../../arm-none-eabi/lib/thumb/v8-m.main/fpv5-sp/softfp/crt0.o
 .bss           0x00000000        0x0 d:/siliconlabs/simplicitystudio/v4/developer/toolchains/gnu_arm/7.2_2017q4/bin/../lib/gcc/arm-none-eabi/7.2.1/../../../../arm-none-eabi/lib/thumb/v8-m.main/fpv5-sp/softfp/crt0.o
 .ARM.extab     0x00000000        0x0 d:/siliconlabs/simplicitystudio/v4/developer/toolchains/gnu_arm/7.2_2017q4/bin/../lib/gcc/arm-none-eabi/7.2.1/../../../../arm-none-eabi/lib/thumb/v8-m.main/fpv5-sp/softfp/crt0.o
 .data          0x00000000        0x0 ./CMSIS/EFR32BG22/startup_gcc_efr32bg22.o
 .bss           0x00000000        0x0 ./CMSIS/EFR32BG22/startup_gcc_efr32bg22.o
 .text          0x00000000        0x0 ./CMSIS/EFR32BG22/system_efr32bg22.o
 .data          0x00000000        0x0 ./CMSIS/EFR32BG22/system_efr32bg22.o
 .bss           0x00000000        0x0 ./CMSIS/EFR32BG22/system_efr32bg22.o
 .text.SystemMaxCoreClockGet
                0x00000000        0x8 ./CMSIS/EFR32BG22/system_efr32bg22.o
 .text.SystemHFXOClockSet
                0x00000000       0x20 ./CMSIS/EFR32BG22/system_efr32bg22.o
 .text.SystemHFRCODPLLClockSet
                0x00000000        0xc ./CMSIS/EFR32BG22/system_efr32bg22.o
 .text.SystemLFXOClockSet
                0x00000000        0xc ./CMSIS/EFR32BG22/system_efr32bg22.o
 .text          0x00000000        0x0 ./emlib/em_acmp.o
 .data          0x00000000        0x0 ./emlib/em_acmp.o
 .bss           0x00000000        0x0 ./emlib/em_acmp.o
 .comment       0x00000000       0x7f ./emlib/em_acmp.o
 .ARM.attributes
                0x00000000       0x3a ./emlib/em_acmp.o
 .text          0x00000000        0x0 ./emlib/em_adc.o
 .data          0x00000000        0x0 ./emlib/em_adc.o
 .bss           0x00000000        0x0 ./emlib/em_adc.o
 .comment       0x00000000       0x7f ./emlib/em_adc.o
 .ARM.attributes
                0x00000000       0x3a ./emlib/em_adc.o
 .text          0x00000000        0x0 ./emlib/em_aes.o
 .data          0x00000000        0x0 ./emlib/em_aes.o
 .bss           0x00000000        0x0 ./emlib/em_aes.o
 .comment       0x00000000       0x7f ./emlib/em_aes.o
 .ARM.attributes
                0x00000000       0x3a ./emlib/em_aes.o
 .text          0x00000000        0x0 ./emlib/em_assert.o
 .data          0x00000000        0x0 ./emlib/em_assert.o
 .bss           0x00000000        0x0 ./emlib/em_assert.o
 .comment       0x00000000       0x7f ./emlib/em_assert.o
 .ARM.attributes
                0x00000000       0x3a ./emlib/em_assert.o
 .text          0x00000000        0x0 ./emlib/em_burtc.o
 .data          0x00000000        0x0 ./emlib/em_burtc.o
 .bss           0x00000000        0x0 ./emlib/em_burtc.o
 .text.BURTC_Init
                0x00000000       0x80 ./emlib/em_burtc.o
 .text.BURTC_Enable
                0x00000000       0x70 ./emlib/em_burtc.o
 .text.BURTC_CompareSet
                0x00000000       0x18 ./emlib/em_burtc.o
 .text.BURTC_CompareGet
                0x00000000        0xc ./emlib/em_burtc.o
 .text.BURTC_CounterReset
                0x00000000       0x34 ./emlib/em_burtc.o
 .text.BURTC_Reset
                0x00000000       0x74 ./emlib/em_burtc.o
 .comment       0x00000000       0x7f ./emlib/em_burtc.o
 .ARM.attributes
                0x00000000       0x3a ./emlib/em_burtc.o
 .text          0x00000000        0x0 ./emlib/em_can.o
 .data          0x00000000        0x0 ./emlib/em_can.o
 .bss           0x00000000        0x0 ./emlib/em_can.o
 .comment       0x00000000       0x7f ./emlib/em_can.o
 .ARM.attributes
                0x00000000       0x3a ./emlib/em_can.o
 .text          0x00000000        0x0 ./emlib/em_cmu.o
 .data          0x00000000        0x0 ./emlib/em_cmu.o
 .bss           0x00000000        0x0 ./emlib/em_cmu.o
 .text.HFRCODPLLDevinfoGet
                0x00000000       0xf4 ./emlib/em_cmu.o
 .text.flashWaitStateControl.constprop.3
                0x00000000       0x50 ./emlib/em_cmu.o
 .text.pclkDivOptimize
                0x00000000       0x2c ./emlib/em_cmu.o
 .text.CMU_CalibrateConfig
                0x00000000       0xb8 ./emlib/em_cmu.o
 .text.CMU_Calibrate
                0x00000000       0x28 ./emlib/em_cmu.o
 .text.CMU_CalibrateCountGet
                0x00000000       0x18 ./emlib/em_cmu.o
 .text.CMU_ClkOutPinConfig
                0x00000000       0xc4 ./emlib/em_cmu.o
 .text.CMU_ClockDivGet
                0x00000000       0x58 ./emlib/em_cmu.o
 .text.CMU_ClockSelectGet
                0x00000000      0x15c ./emlib/em_cmu.o
 .text.CMU_HFRCODPLLBandGet
                0x00000000        0x4 ./emlib/em_cmu.o
 .text.CMU_HFXOInit
                0x00000000      0x144 ./emlib/em_cmu.o
 .text.CMU_LFXOInit
                0x00000000       0x90 ./emlib/em_cmu.o
 .text.CMU_LFRCOSetPrecision
                0x00000000       0x3c ./emlib/em_cmu.o
 .text.CMU_OscillatorTuningGet
                0x00000000       0x28 ./emlib/em_cmu.o
 .text.CMU_OscillatorTuningSet
                0x00000000       0x38 ./emlib/em_cmu.o
 .text.CMU_UpdateWaitStates
                0x00000000       0x40 ./emlib/em_cmu.o
 .text.CMU_ClockDivSet.part.1
                0x00000000       0x78 ./emlib/em_cmu.o
 .text.CMU_ClockDivSet
                0x00000000       0x68 ./emlib/em_cmu.o
 .text.CMU_ClockSelectSet
                0x00000000      0x2e4 ./emlib/em_cmu.o
 .text.CMU_DPLLLock
                0x00000000      0x224 ./emlib/em_cmu.o
 .text.CMU_HFRCODPLLBandSet
                0x00000000      0x148 ./emlib/em_cmu.o
 .rodata.CSWTCH.31
                0x00000000       0x38 ./emlib/em_cmu.o
 .rodata.CSWTCH.49
                0x00000000       0x10 ./emlib/em_cmu.o
 .rodata.CSWTCH.50
                0x00000000        0xc ./emlib/em_cmu.o
 .rodata.CSWTCH.52
                0x00000000       0x18 ./emlib/em_cmu.o
 .rodata.CSWTCH.53
                0x00000000       0x14 ./emlib/em_cmu.o
 .rodata.CSWTCH.54
                0x00000000       0x18 ./emlib/em_cmu.o
 .rodata.hfrcoCalTable
                0x00000000      0x190 ./emlib/em_cmu.o
 .text          0x00000000        0x0 ./emlib/em_core.o
 .data          0x00000000        0x0 ./emlib/em_core.o
 .bss           0x00000000        0x0 ./emlib/em_core.o
 .text.CORE_CriticalDisableIrq
                0x00000000        0x4 ./emlib/em_core.o
 .text.CORE_CriticalEnableIrq
                0x00000000        0x4 ./emlib/em_core.o
 .text.CORE_EnterCritical
                0x00000000        0x8 ./emlib/em_core.o
 .text.CORE_ExitCritical
                0x00000000        0x8 ./emlib/em_core.o
 .text.CORE_YieldCritical
                0x00000000       0x14 ./emlib/em_core.o
 .text.CORE_AtomicDisableIrq
                0x00000000        0x4 ./emlib/em_core.o
 .text.CORE_AtomicEnableIrq
                0x00000000        0x4 ./emlib/em_core.o
 .text.CORE_EnterAtomic
                0x00000000        0x8 ./emlib/em_core.o
 .text.CORE_ExitAtomic
                0x00000000        0x4 ./emlib/em_core.o
 .text.CORE_YieldAtomic
                0x00000000        0x4 ./emlib/em_core.o
 .text.CORE_EnterNvicMask
                0x00000000       0x2c ./emlib/em_core.o
 .text.CORE_NvicDisableMask
                0x00000000       0x20 ./emlib/em_core.o
 .text.CORE_NvicEnableMask
                0x00000000       0x20 ./emlib/em_core.o
 .text.CORE_YieldNvicMask
                0x00000000       0x38 ./emlib/em_core.o
 .text.CORE_NvicMaskSetIRQ
                0x00000000       0x20 ./emlib/em_core.o
 .text.CORE_NvicMaskClearIRQ
                0x00000000       0x20 ./emlib/em_core.o
 .text.CORE_InIrqContext
                0x00000000       0x14 ./emlib/em_core.o
 .text.CORE_IrqIsBlocked
                0x00000000       0x9c ./emlib/em_core.o
 .text.CORE_IrqIsDisabled
                0x00000000        0xc ./emlib/em_core.o
 .text.CORE_GetNvicEnabledMask
                0x00000000       0x20 ./emlib/em_core.o
 .text.CORE_GetNvicMaskDisableState
                0x00000000       0x2c ./emlib/em_core.o
 .text.CORE_NvicIRQDisabled
                0x00000000       0x1c ./emlib/em_core.o
 .text.CORE_GetNvicRamTableHandler
                0x00000000       0x10 ./emlib/em_core.o
 .text.CORE_SetNvicRamTableHandler
                0x00000000       0x10 ./emlib/em_core.o
 .text.CORE_InitNvicVectorTable
                0x00000000       0x44 ./emlib/em_core.o
 .comment       0x00000000       0x7f ./emlib/em_core.o
 .ARM.attributes
                0x00000000       0x3a ./emlib/em_core.o
 .text          0x00000000        0x0 ./emlib/em_cryotimer.o
 .data          0x00000000        0x0 ./emlib/em_cryotimer.o
 .bss           0x00000000        0x0 ./emlib/em_cryotimer.o
 .comment       0x00000000       0x7f ./emlib/em_cryotimer.o
 .ARM.attributes
                0x00000000       0x3a ./emlib/em_cryotimer.o
 .text          0x00000000        0x0 ./emlib/em_crypto.o
 .data          0x00000000        0x0 ./emlib/em_crypto.o
 .bss           0x00000000        0x0 ./emlib/em_crypto.o
 .comment       0x00000000       0x7f ./emlib/em_crypto.o
 .ARM.attributes
                0x00000000       0x3a ./emlib/em_crypto.o
 .text          0x00000000        0x0 ./emlib/em_csen.o
 .data          0x00000000        0x0 ./emlib/em_csen.o
 .bss           0x00000000        0x0 ./emlib/em_csen.o
 .comment       0x00000000       0x7f ./emlib/em_csen.o
 .ARM.attributes
                0x00000000       0x3a ./emlib/em_csen.o
 .text          0x00000000        0x0 ./emlib/em_dac.o
 .data          0x00000000        0x0 ./emlib/em_dac.o
 .bss           0x00000000        0x0 ./emlib/em_dac.o
 .comment       0x00000000       0x7f ./emlib/em_dac.o
 .ARM.attributes
                0x00000000       0x3a ./emlib/em_dac.o
 .text          0x00000000        0x0 ./emlib/em_dbg.o
 .data          0x00000000        0x0 ./emlib/em_dbg.o
 .bss           0x00000000        0x0 ./emlib/em_dbg.o
 .text.DBG_SWOEnable
                0x00000000       0x20 ./emlib/em_dbg.o
 .comment       0x00000000       0x7f ./emlib/em_dbg.o
 .ARM.attributes
                0x00000000       0x3a ./emlib/em_dbg.o
 .text          0x00000000        0x0 ./emlib/em_dma.o
 .data          0x00000000        0x0 ./emlib/em_dma.o
 .bss           0x00000000        0x0 ./emlib/em_dma.o
 .comment       0x00000000       0x7f ./emlib/em_dma.o
 .ARM.attributes
                0x00000000       0x3a ./emlib/em_dma.o
 .text          0x00000000        0x0 ./emlib/em_ebi.o
 .data          0x00000000        0x0 ./emlib/em_ebi.o
 .bss           0x00000000        0x0 ./emlib/em_ebi.o
 .comment       0x00000000       0x7f ./emlib/em_ebi.o
 .ARM.attributes
                0x00000000       0x3a ./emlib/em_ebi.o
 .text          0x00000000        0x0 ./emlib/em_emu.o
 .data          0x00000000        0x0 ./emlib/em_emu.o
 .bss           0x00000000        0x0 ./emlib/em_emu.o
 .ram           0x00000000       0x2c ./emlib/em_emu.o
 .text.dpllState
                0x00000000       0xa4 ./emlib/em_emu.o
 .text.EMU_EM23PresleepHook
                0x00000000        0x4 ./emlib/em_emu.o
 .text.EMU_EM23PostsleepHook
                0x00000000        0x4 ./emlib/em_emu.o
 .text.EMU_EnterEM2
                0x00000000       0x5c ./emlib/em_emu.o
 .text.EMU_EnterEM3
                0x00000000        0x4 ./emlib/em_emu.o
 .text.EMU_Save
                0x00000000        0x8 ./emlib/em_emu.o
 .text.EMU_Restore
                0x00000000        0x8 ./emlib/em_emu.o
 .text.EMU_EnterEM4
                0x00000000       0x8c ./emlib/em_emu.o
 .text.EMU_EnterEM4H
                0x00000000        0x4 ./emlib/em_emu.o
 .text.EMU_EnterEM4S
                0x00000000        0x4 ./emlib/em_emu.o
 .text.EMU_MemPwrDown
                0x00000000        0x4 ./emlib/em_emu.o
 .text.EMU_RamPowerDown
                0x00000000       0x48 ./emlib/em_emu.o
 .text.EMU_RamPowerUp
                0x00000000       0x24 ./emlib/em_emu.o
 .text.EMU_UpdateOscConfig
                0x00000000        0x4 ./emlib/em_emu.o
 .text.EMU_VScaleEM01
                0x00000000       0xa4 ./emlib/em_emu.o
 .text.EMU_VScaleEM01ByClock
                0x00000000       0x4c ./emlib/em_emu.o
 .text.EMU_EM01Init
                0x00000000       0x14 ./emlib/em_emu.o
 .text.EMU_EM23Init
                0x00000000       0x14 ./emlib/em_emu.o
 .text.EMU_EM4Init
                0x00000000       0x14 ./emlib/em_emu.o
 .text.EMU_DCDCModeSet
                0x00000000       0x74 ./emlib/em_emu.o
 .text.EMU_DCDCInit
                0x00000000       0x7c ./emlib/em_emu.o
 .text.EMU_DCDCPowerOff
                0x00000000       0x58 ./emlib/em_emu.o
 .text.EMU_TemperatureGet
                0x00000000       0x28 ./emlib/em_emu.o
 .bss.dpllRefClk.12230
                0x00000000        0x4 ./emlib/em_emu.o
 .bss.vScaleEM01Config
                0x00000000        0x1 ./emlib/em_emu.o
 .comment       0x00000000       0x7f ./emlib/em_emu.o
 .ARM.attributes
                0x00000000       0x3a ./emlib/em_emu.o
 .text          0x00000000        0x0 ./emlib/em_eusart.o
 .data          0x00000000        0x0 ./emlib/em_eusart.o
 .bss           0x00000000        0x0 ./emlib/em_eusart.o
 .text.EUSART_Enable.part.0
                0x00000000       0x40 ./emlib/em_eusart.o
 .text.EUSART_Reset
                0x00000000       0x64 ./emlib/em_eusart.o
 .text.EUSART_Enable
                0x00000000       0x10 ./emlib/em_eusart.o
 .text.EUSART_Rx
                0x00000000        0xc ./emlib/em_eusart.o
 .text.EUSART_RxExt
                0x00000000        0xc ./emlib/em_eusart.o
 .text.EUSART_Tx
                0x00000000        0xc ./emlib/em_eusart.o
 .text.EUSART_TxExt
                0x00000000        0xc ./emlib/em_eusart.o
 .text.EUSART_BaudrateSet
                0x00000000       0x78 ./emlib/em_eusart.o
 .text.EUSART_AsyncInitCommon
                0x00000000      0x198 ./emlib/em_eusart.o
 .text.EUSART_UartInitHf
                0x00000000        0x8 ./emlib/em_eusart.o
 .text.EUSART_UartInitLf
                0x00000000        0x4 ./emlib/em_eusart.o
 .text.EUSART_IrDAInit
                0x00000000        0x8 ./emlib/em_eusart.o
 .text.EUSART_BaudrateGet
                0x00000000       0xb4 ./emlib/em_eusart.o
 .text.EUSART_RxBlock
                0x00000000       0x2c ./emlib/em_eusart.o
 .text.EUSART_TxTristateSet
                0x00000000       0x2c ./emlib/em_eusart.o
 .text.EUSART_PrsTriggerEnable
                0x00000000       0x44 ./emlib/em_eusart.o
 .comment       0x00000000       0x7f ./emlib/em_eusart.o
 .ARM.attributes
                0x00000000       0x3a ./emlib/em_eusart.o
 .text          0x00000000        0x0 ./emlib/em_gpcrc.o
 .data          0x00000000        0x0 ./emlib/em_gpcrc.o
 .bss           0x00000000        0x0 ./emlib/em_gpcrc.o
 .text.GPCRC_Init
                0x00000000       0x5c ./emlib/em_gpcrc.o
 .text.GPCRC_Reset
                0x00000000        0xc ./emlib/em_gpcrc.o
 .comment       0x00000000       0x7f ./emlib/em_gpcrc.o
 .ARM.attributes
                0x00000000       0x3a ./emlib/em_gpcrc.o
 .text          0x00000000        0x0 ./emlib/em_gpio.o
 .data          0x00000000        0x0 ./emlib/em_gpio.o
 .bss           0x00000000        0x0 ./emlib/em_gpio.o
 .text.GPIO_DbgLocationSet
                0x00000000        0x4 ./emlib/em_gpio.o
 .text.GPIO_ExtIntConfig
                0x00000000       0xb0 ./emlib/em_gpio.o
 .text.GPIO_PinModeGet
                0x00000000       0x28 ./emlib/em_gpio.o
 .text.GPIO_EM4EnablePinWakeup
                0x00000000       0x54 ./emlib/em_gpio.o
 .text          0x00000000        0x0 ./emlib/em_i2c.o
 .data          0x00000000        0x0 ./emlib/em_i2c.o
 .bss           0x00000000        0x0 ./emlib/em_i2c.o
 .text.I2C_BusFreqSet.part.0
                0x00000000       0x8c ./emlib/em_i2c.o
 .text.I2C_BusFreqGet
                0x00000000       0x48 ./emlib/em_i2c.o
 .text.I2C_BusFreqSet
                0x00000000        0x8 ./emlib/em_i2c.o
 .text.I2C_Enable
                0x00000000       0x18 ./emlib/em_i2c.o
 .text.I2C_Init
                0x00000000       0x64 ./emlib/em_i2c.o
 .text.I2C_Reset
                0x00000000       0x34 ./emlib/em_i2c.o
 .text.I2C_Transfer
                0x00000000      0x258 ./emlib/em_i2c.o
 .text.I2C_TransferInit
                0x00000000       0x94 ./emlib/em_i2c.o
 .bss.i2cTransfer
                0x00000000       0x18 ./emlib/em_i2c.o
 .rodata.i2cNSum
                0x00000000        0x4 ./emlib/em_i2c.o
 .comment       0x00000000       0x7f ./emlib/em_i2c.o
 .ARM.attributes
                0x00000000       0x3a ./emlib/em_i2c.o
 .text          0x00000000        0x0 ./emlib/em_iadc.o
 .data          0x00000000        0x0 ./emlib/em_iadc.o
 .bss           0x00000000        0x0 ./emlib/em_iadc.o
 .text.IADC_initScan
                0x00000000       0xc4 ./emlib/em_iadc.o
 .text.IADC_updateSingleInput
                0x00000000       0x40 ./emlib/em_iadc.o
 .text.IADC_initSingle
                0x00000000       0x7c ./emlib/em_iadc.o
 .text.IADC_setScanMask
                0x00000000       0x28 ./emlib/em_iadc.o
 .text.IADC_updateScanEntry
                0x00000000       0x68 ./emlib/em_iadc.o
 .text.IADC_reset
                0x00000000       0xc4 ./emlib/em_iadc.o
 .text.IADC_calcTimebase
                0x00000000       0x4c ./emlib/em_iadc.o
 .text.IADC_calcSrcClkPrescale
                0x00000000       0x30 ./emlib/em_iadc.o
 .text.IADC_calcAdcClkPrescale
                0x00000000       0x4c ./emlib/em_iadc.o
 .text.IADC_init
                0x00000000      0x32c ./emlib/em_iadc.o
 .text.IADC_pullSingleFifoResult
                0x00000000       0x3c ./emlib/em_iadc.o
 .text.IADC_readSingleResult
                0x00000000       0x3c ./emlib/em_iadc.o
 .text.IADC_pullScanFifoResult
                0x00000000       0x40 ./emlib/em_iadc.o
 .text.IADC_readScanResult
                0x00000000       0x40 ./emlib/em_iadc.o
 .comment       0x00000000       0x7f ./emlib/em_iadc.o
 .ARM.attributes
                0x00000000       0x3a ./emlib/em_iadc.o
 .text          0x00000000        0x0 ./emlib/em_idac.o
 .data          0x00000000        0x0 ./emlib/em_idac.o
 .bss           0x00000000        0x0 ./emlib/em_idac.o
 .comment       0x00000000       0x7f ./emlib/em_idac.o
 .ARM.attributes
                0x00000000       0x3a ./emlib/em_idac.o
 .text          0x00000000        0x0 ./emlib/em_int.o
 .data          0x00000000        0x0 ./emlib/em_int.o
 .bss           0x00000000        0x0 ./emlib/em_int.o
 .bss.INT_LockCnt
                0x00000000        0x4 ./emlib/em_int.o
 .comment       0x00000000       0x7f ./emlib/em_int.o
 .ARM.attributes
                0x00000000       0x3a ./emlib/em_int.o
 .text          0x00000000        0x0 ./emlib/em_lcd.o
 .data          0x00000000        0x0 ./emlib/em_lcd.o
 .bss           0x00000000        0x0 ./emlib/em_lcd.o
 .comment       0x00000000       0x7f ./emlib/em_lcd.o
 .ARM.attributes
                0x00000000       0x3a ./emlib/em_lcd.o
 .text          0x00000000        0x0 ./emlib/em_ldma.o
 .data          0x00000000        0x0 ./emlib/em_ldma.o
 .bss           0x00000000        0x0 ./emlib/em_ldma.o
 .text.LDMA_DeInit
                0x00000000       0x3c ./emlib/em_ldma.o
 .text.LDMA_EnableChannelRequest
                0x00000000       0x24 ./emlib/em_ldma.o
 .text.LDMA_Init
                0x00000000       0x6c ./emlib/em_ldma.o
 .text.LDMA_StartTransfer
                0x00000000       0xa0 ./emlib/em_ldma.o
 .text.LDMA_StopTransfer
                0x00000000       0x24 ./emlib/em_ldma.o
 .text.LDMA_TransferDone
                0x00000000       0x38 ./emlib/em_ldma.o
 .text.LDMA_TransferRemainingCount
                0x00000000       0x3c ./emlib/em_ldma.o
 .comment       0x00000000       0x7f ./emlib/em_ldma.o
 .ARM.attributes
                0x00000000       0x3a ./emlib/em_ldma.o
 .text          0x00000000        0x0 ./emlib/em_lesense.o
 .data          0x00000000        0x0 ./emlib/em_lesense.o
 .bss           0x00000000        0x0 ./emlib/em_lesense.o
 .comment       0x00000000       0x7f ./emlib/em_lesense.o
 .ARM.attributes
                0x00000000       0x3a ./emlib/em_lesense.o
 .text          0x00000000        0x0 ./emlib/em_letimer.o
 .data          0x00000000        0x0 ./emlib/em_letimer.o
 .bss           0x00000000        0x0 ./emlib/em_letimer.o
 .text.LETIMER_CompareGet
                0x00000000       0x14 ./emlib/em_letimer.o
 .text.LETIMER_CounterGet
                0x00000000        0xc ./emlib/em_letimer.o
 .text.LETIMER_CounterSet
                0x00000000        0xc ./emlib/em_letimer.o
 .text.LETIMER_CompareSet
                0x00000000       0x14 ./emlib/em_letimer.o
 .text.LETIMER_Enable
                0x00000000       0x18 ./emlib/em_letimer.o
 .text.LETIMER_Init
                0x00000000       0x88 ./emlib/em_letimer.o
 .text.LETIMER_RepeatGet
                0x00000000       0x20 ./emlib/em_letimer.o
 .text.LETIMER_RepeatSet
                0x00000000       0x24 ./emlib/em_letimer.o
 .text.LETIMER_Reset
                0x00000000       0x4c ./emlib/em_letimer.o
 .text.LETIMER_SyncWait
                0x00000000        0xc ./emlib/em_letimer.o
 .text.LETIMER_TopSet
                0x00000000       0x1c ./emlib/em_letimer.o
 .text.LETIMER_TopGet
                0x00000000        0xc ./emlib/em_letimer.o
 .comment       0x00000000       0x7f ./emlib/em_letimer.o
 .ARM.attributes
                0x00000000       0x3a ./emlib/em_letimer.o
 .text          0x00000000        0x0 ./emlib/em_leuart.o
 .data          0x00000000        0x0 ./emlib/em_leuart.o
 .bss           0x00000000        0x0 ./emlib/em_leuart.o
 .comment       0x00000000       0x7f ./emlib/em_leuart.o
 .ARM.attributes
                0x00000000       0x3a ./emlib/em_leuart.o
 .text          0x00000000        0x0 ./emlib/em_mpu.o
 .data          0x00000000        0x0 ./emlib/em_mpu.o
 .bss           0x00000000        0x0 ./emlib/em_mpu.o
 .comment       0x00000000       0x7f ./emlib/em_mpu.o
 .ARM.attributes
                0x00000000       0x3a ./emlib/em_mpu.o
 .text          0x00000000        0x0 ./emlib/em_msc.o
 .data          0x00000000        0x0 ./emlib/em_msc.o
 .bss           0x00000000        0x0 ./emlib/em_msc.o
 .ram           0x00000000      0x2b4 ./emlib/em_msc.o
 .text.MSC_Init
                0x00000000       0x2c ./emlib/em_msc.o
 .text.MSC_Deinit
                0x00000000       0x30 ./emlib/em_msc.o
 .text.MSC_ExecConfigSet
                0x00000000       0x1c ./emlib/em_msc.o
 .text.MSC_WriteWordDma
                0x00000000      0x138 ./emlib/em_msc.o
 .text.MSC_EccConfigSet
                0x00000000       0xb0 ./emlib/em_msc.o
 .comment       0x00000000       0x7f ./emlib/em_msc.o
 .ARM.attributes
                0x00000000       0x3a ./emlib/em_msc.o
 .text          0x00000000        0x0 ./emlib/em_opamp.o
 .data          0x00000000        0x0 ./emlib/em_opamp.o
 .bss           0x00000000        0x0 ./emlib/em_opamp.o
 .comment       0x00000000       0x7f ./emlib/em_opamp.o
 .ARM.attributes
                0x00000000       0x3a ./emlib/em_opamp.o
 .text          0x00000000        0x0 ./emlib/em_pcnt.o
 .data          0x00000000        0x0 ./emlib/em_pcnt.o
 .bss           0x00000000        0x0 ./emlib/em_pcnt.o
 .comment       0x00000000       0x7f ./emlib/em_pcnt.o
 .ARM.attributes
                0x00000000       0x3a ./emlib/em_pcnt.o
 .text          0x00000000        0x0 ./emlib/em_pdm.o
 .data          0x00000000        0x0 ./emlib/em_pdm.o
 .bss           0x00000000        0x0 ./emlib/em_pdm.o
 .text.PDM_Init
                0x00000000       0x74 ./emlib/em_pdm.o
 .text.PDM_Reset
                0x00000000       0x48 ./emlib/em_pdm.o
 .text.PDM_DeInit
                0x00000000       0x2c ./emlib/em_pdm.o
 .comment       0x00000000       0x7f ./emlib/em_pdm.o
 .ARM.attributes
                0x00000000       0x3a ./emlib/em_pdm.o
 .text          0x00000000        0x0 ./emlib/em_prs.o
 .data          0x00000000        0x0 ./emlib/em_prs.o
 .bss           0x00000000        0x0 ./emlib/em_prs.o
 .text.PRS_SourceSignalSet
                0x00000000       0x18 ./emlib/em_prs.o
 .text.PRS_SourceAsyncSignalSet
                0x00000000       0x1c ./emlib/em_prs.o
 .text.PRS_GetFreeChannel
                0x00000000       0x38 ./emlib/em_prs.o
 .text.PRS_Reset
                0x00000000       0x30 ./emlib/em_prs.o
 .text.PRS_ConnectSignal
                0x00000000       0x70 ./emlib/em_prs.o
 .text.PRS_ConnectConsumer
                0x00000000       0x18 ./emlib/em_prs.o
 .text.PRS_PinOutput
                0x00000000       0x54 ./emlib/em_prs.o
 .text.PRS_Combine
                0x00000000       0x3c ./emlib/em_prs.o
 .rodata.CSWTCH.3
                0x00000000       0x25 ./emlib/em_prs.o
 .comment       0x00000000       0x7f ./emlib/em_prs.o
 .ARM.attributes
                0x00000000       0x3a ./emlib/em_prs.o
 .text          0x00000000        0x0 ./emlib/em_qspi.o
 .data          0x00000000        0x0 ./emlib/em_qspi.o
 .bss           0x00000000        0x0 ./emlib/em_qspi.o
 .comment       0x00000000       0x7f ./emlib/em_qspi.o
 .ARM.attributes
                0x00000000       0x3a ./emlib/em_qspi.o
 .text          0x00000000        0x0 ./emlib/em_rmu.o
 .data          0x00000000        0x0 ./emlib/em_rmu.o
 .bss           0x00000000        0x0 ./emlib/em_rmu.o
 .text.RMU_ResetControl
                0x00000000       0x2c ./emlib/em_rmu.o
 .text.RMU_ResetCauseClear
                0x00000000       0x10 ./emlib/em_rmu.o
 .text.RMU_ResetCauseGet
                0x00000000        0xc ./emlib/em_rmu.o
 .comment       0x00000000       0x7f ./emlib/em_rmu.o
 .ARM.attributes
                0x00000000       0x3a ./emlib/em_rmu.o
 .text          0x00000000        0x0 ./emlib/em_rtc.o
 .data          0x00000000        0x0 ./emlib/em_rtc.o
 .bss           0x00000000        0x0 ./emlib/em_rtc.o
 .comment       0x00000000       0x7f ./emlib/em_rtc.o
 .ARM.attributes
                0x00000000       0x3a ./emlib/em_rtc.o
 .text          0x00000000        0x0 ./emlib/em_rtcc.o
 .data          0x00000000        0x0 ./emlib/em_rtcc.o
 .bss           0x00000000        0x0 ./emlib/em_rtcc.o
 .text.RTCC_ChannelInit
                0x00000000       0x38 ./emlib/em_rtcc.o
 .text.RTCC_Enable
                0x00000000       0x80 ./emlib/em_rtcc.o
 .text.RTCC_Init
                0x00000000       0x68 ./emlib/em_rtcc.o
 .text.RTCC_Reset
                0x00000000       0x84 ./emlib/em_rtcc.o
 .text.RTCC_StatusClear
                0x00000000        0x4 ./emlib/em_rtcc.o
 .comment       0x00000000       0x7f ./emlib/em_rtcc.o
 .ARM.attributes
                0x00000000       0x3a ./emlib/em_rtcc.o
 .text          0x00000000        0x0 ./emlib/em_se.o
 .data          0x00000000        0x0 ./emlib/em_se.o
 .bss           0x00000000        0x0 ./emlib/em_se.o
 .text.SE_addDataInput
                0x00000000       0x18 ./emlib/em_se.o
 .text.SE_addDataOutput
                0x00000000       0x18 ./emlib/em_se.o
 .text.SE_addParameter
                0x00000000       0x14 ./emlib/em_se.o
 .text.SE_executeCommand
                0x00000000      0x144 ./emlib/em_se.o
 .text.SE_initPubkey
                0x00000000       0x78 ./emlib/em_se.o
 .text.SE_initOTP
                0x00000000       0xbc ./emlib/em_se.o
 .text.rootIsOutputMailboxValid
                0x00000000       0x74 ./emlib/em_se.o
 .text.SE_getVersion
                0x00000000       0x48 ./emlib/em_se.o
 .text.SE_getConfigStatusBits
                0x00000000       0x4c ./emlib/em_se.o
 .text.SE_isCommandCompleted
                0x00000000       0x38 ./emlib/em_se.o
 .text.SE_readExecutedCommand
                0x00000000       0x3c ./emlib/em_se.o
 .text.SE_readCommandResponse
                0x00000000       0x40 ./emlib/em_se.o
 .text.SE_ackCommand
                0x00000000       0xbc ./emlib/em_se.o
 .comment       0x00000000       0x7f ./emlib/em_se.o
 .ARM.attributes
                0x00000000       0x3a ./emlib/em_se.o
 .text          0x00000000        0x0 ./emlib/em_system.o
 .data          0x00000000        0x0 ./emlib/em_system.o
 .bss           0x00000000        0x0 ./emlib/em_system.o
 .text.SYSTEM_ChipRevisionGet
                0x00000000       0x30 ./emlib/em_system.o
 .text.SYSTEM_GetCalibrationValue
                0x00000000       0x30 ./emlib/em_system.o
 .comment       0x00000000       0x7f ./emlib/em_system.o
 .ARM.attributes
                0x00000000       0x3a ./emlib/em_system.o
 .text          0x00000000        0x0 ./emlib/em_timer.o
 .data          0x00000000        0x0 ./emlib/em_timer.o
 .bss           0x00000000        0x0 ./emlib/em_timer.o
 .text.TIMER_Init
                0x00000000       0x9c ./emlib/em_timer.o
 .text.TIMER_InitCC
                0x00000000       0xe0 ./emlib/em_timer.o
 .text.TIMER_InitDTI
                0x00000000      0x24c ./emlib/em_timer.o
 .text.TIMER_Reset
                0x00000000       0x8c ./emlib/em_timer.o
 .text.TIMER_SyncWait
                0x00000000       0x10 ./emlib/em_timer.o
 .comment       0x00000000       0x7f ./emlib/em_timer.o
 .ARM.attributes
                0x00000000       0x3a ./emlib/em_timer.o
 .text          0x00000000        0x0 ./emlib/em_usart.o
 .data          0x00000000        0x0 ./emlib/em_usart.o
 .bss           0x00000000        0x0 ./emlib/em_usart.o
 .text.USART_BaudrateCalc
                0x00000000       0x80 ./emlib/em_usart.o
 .text.USART_BaudrateGet
                0x00000000       0xa0 ./emlib/em_usart.o
 .text.USART_BaudrateSyncSet
                0x00000000       0x20 ./emlib/em_usart.o
 .text.USART_Enable
                0x00000000       0x24 ./emlib/em_usart.o
 .text.USART_InitSync
                0x00000000      0x108 ./emlib/em_usart.o
 .text.USARTn_InitIrDA
                0x00000000       0x6c ./emlib/em_usart.o
 .text.USART_InitI2s
                0x00000000       0x58 ./emlib/em_usart.o
 .text.USART_InitPrsTrigger
                0x00000000       0x4c ./emlib/em_usart.o
 .text.USART_Reset
                0x00000000       0x58 ./emlib/em_usart.o
 .text.USART_Rx
                0x00000000        0xc ./emlib/em_usart.o
 .text.USART_RxDouble
                0x00000000        0xc ./emlib/em_usart.o
 .text.USART_RxDoubleExt
                0x00000000        0xc ./emlib/em_usart.o
 .text.USART_RxExt
                0x00000000        0xc ./emlib/em_usart.o
 .text.USART_SpiTransfer
                0x00000000       0x14 ./emlib/em_usart.o
 .text.USART_TxDouble
                0x00000000        0xc ./emlib/em_usart.o
 .text.USART_TxDoubleExt
                0x00000000        0xc ./emlib/em_usart.o
 .text.USART_TxExt
                0x00000000        0xc ./emlib/em_usart.o
 .text          0x00000000        0x0 ./emlib/em_vcmp.o
 .data          0x00000000        0x0 ./emlib/em_vcmp.o
 .bss           0x00000000        0x0 ./emlib/em_vcmp.o
 .comment       0x00000000       0x7f ./emlib/em_vcmp.o
 .ARM.attributes
                0x00000000       0x3a ./emlib/em_vcmp.o
 .text          0x00000000        0x0 ./emlib/em_vdac.o
 .data          0x00000000        0x0 ./emlib/em_vdac.o
 .bss           0x00000000        0x0 ./emlib/em_vdac.o
 .comment       0x00000000       0x7f ./emlib/em_vdac.o
 .ARM.attributes
                0x00000000       0x3a ./emlib/em_vdac.o
 .text          0x00000000        0x0 ./emlib/em_wdog.o
 .data          0x00000000        0x0 ./emlib/em_wdog.o
 .bss           0x00000000        0x0 ./emlib/em_wdog.o
 .text.WDOGn_Enable
                0x00000000       0x24 ./emlib/em_wdog.o
 .text.WDOGn_Feed
                0x00000000       0x24 ./emlib/em_wdog.o
 .text.WDOGn_Init
                0x00000000       0x9c ./emlib/em_wdog.o
 .text.WDOGn_Lock
                0x00000000        0x8 ./emlib/em_wdog.o
 .text.WDOGn_SyncWait
                0x00000000        0xc ./emlib/em_wdog.o
 .text.WDOGn_Unlock
                0x00000000        0x8 ./emlib/em_wdog.o
 .comment       0x00000000       0x7f ./emlib/em_wdog.o
 .ARM.attributes
                0x00000000       0x3a ./emlib/em_wdog.o
 .text          0x00000000        0x0 ./src/Si5356D.o
 .data          0x00000000        0x0 ./src/Si5356D.o
 .bss           0x00000000        0x0 ./src/Si5356D.o
 .text.config_init_si5338
                0x00000000       0x84 ./src/Si5356D.o
 .text.config_si5338_10M_90M
                0x00000000       0x68 ./src/Si5356D.o
 .text.config_si5338_10M_98M
                0x00000000       0x68 ./src/Si5356D.o
 .rodata.Reg_Store_10M_90M
                0x00000000      0x41a ./src/Si5356D.o
 .rodata.Reg_Store_10M_98M
                0x00000000      0x41a ./src/Si5356D.o
 .text          0x00000000        0x0 ./src/main.o
 .data          0x00000000        0x0 ./src/main.o
 .bss           0x00000000        0x0 ./src/main.o
 .text.sel_init
                0x00000000        0x4 ./src/main.o
 .text.rs_init  0x00000000        0x4 ./src/main.o
 .text.lock_init
                0x00000000       0x1c ./src/main.o
 .text.dalay_us
                0x00000000        0x4 ./src/main.o
 .text.delay    0x00000000        0x4 ./src/main.o
 .text.Delay1ms
                0x00000000        0x4 ./src/main.o
 .text.dalay_ms
                0x00000000       0x30 ./src/main.o
 .text          0x00000000        0x0 ./src/moni_I2C_A.o
 .data          0x00000000        0x0 ./src/moni_I2C_A.o
 .bss           0x00000000        0x0 ./src/moni_I2C_A.o
 .text.delayiic2_A
                0x00000000        0x4 ./src/moni_I2C_A.o
 .text.I2C_Ack_A
                0x00000000       0x44 ./src/moni_I2C_A.o
 .text.tset_eeprom
                0x00000000        0x8 ./src/moni_I2C_A.o
 .text          0x00000000       0xa0 d:/siliconlabs/simplicitystudio/v4/developer/toolchains/gnu_arm/7.2_2017q4/bin/../lib/gcc/arm-none-eabi/7.2.1/thumb/v8-m.main/fpv5-sp/softfp\libgcc.a(_aeabi_ldivmod.o)
 .data          0x00000000        0x0 d:/siliconlabs/simplicitystudio/v4/developer/toolchains/gnu_arm/7.2_2017q4/bin/../lib/gcc/arm-none-eabi/7.2.1/thumb/v8-m.main/fpv5-sp/softfp\libgcc.a(_aeabi_ldivmod.o)
 .bss           0x00000000        0x0 d:/siliconlabs/simplicitystudio/v4/developer/toolchains/gnu_arm/7.2_2017q4/bin/../lib/gcc/arm-none-eabi/7.2.1/thumb/v8-m.main/fpv5-sp/softfp\libgcc.a(_aeabi_ldivmod.o)
 .debug_frame   0x00000000       0x44 d:/siliconlabs/simplicitystudio/v4/developer/toolchains/gnu_arm/7.2_2017q4/bin/../lib/gcc/arm-none-eabi/7.2.1/thumb/v8-m.main/fpv5-sp/softfp\libgcc.a(_aeabi_ldivmod.o)
 .ARM.attributes
                0x00000000       0x26 d:/siliconlabs/simplicitystudio/v4/developer/toolchains/gnu_arm/7.2_2017q4/bin/../lib/gcc/arm-none-eabi/7.2.1/thumb/v8-m.main/fpv5-sp/softfp\libgcc.a(_aeabi_ldivmod.o)
 .text          0x00000000       0x30 d:/siliconlabs/simplicitystudio/v4/developer/toolchains/gnu_arm/7.2_2017q4/bin/../lib/gcc/arm-none-eabi/7.2.1/thumb/v8-m.main/fpv5-sp/softfp\libgcc.a(_aeabi_uldivmod.o)
 .data          0x00000000        0x0 d:/siliconlabs/simplicitystudio/v4/developer/toolchains/gnu_arm/7.2_2017q4/bin/../lib/gcc/arm-none-eabi/7.2.1/thumb/v8-m.main/fpv5-sp/softfp\libgcc.a(_aeabi_uldivmod.o)
 .bss           0x00000000        0x0 d:/siliconlabs/simplicitystudio/v4/developer/toolchains/gnu_arm/7.2_2017q4/bin/../lib/gcc/arm-none-eabi/7.2.1/thumb/v8-m.main/fpv5-sp/softfp\libgcc.a(_aeabi_uldivmod.o)
 .debug_frame   0x00000000       0x2c d:/siliconlabs/simplicitystudio/v4/developer/toolchains/gnu_arm/7.2_2017q4/bin/../lib/gcc/arm-none-eabi/7.2.1/thumb/v8-m.main/fpv5-sp/softfp\libgcc.a(_aeabi_uldivmod.o)
 .ARM.attributes
                0x00000000       0x26 d:/siliconlabs/simplicitystudio/v4/developer/toolchains/gnu_arm/7.2_2017q4/bin/../lib/gcc/arm-none-eabi/7.2.1/thumb/v8-m.main/fpv5-sp/softfp\libgcc.a(_aeabi_uldivmod.o)
 .text          0x00000000      0x2e0 d:/siliconlabs/simplicitystudio/v4/developer/toolchains/gnu_arm/7.2_2017q4/bin/../lib/gcc/arm-none-eabi/7.2.1/thumb/v8-m.main/fpv5-sp/softfp\libgcc.a(_udivmoddi4.o)
 .data          0x00000000        0x0 d:/siliconlabs/simplicitystudio/v4/developer/toolchains/gnu_arm/7.2_2017q4/bin/../lib/gcc/arm-none-eabi/7.2.1/thumb/v8-m.main/fpv5-sp/softfp\libgcc.a(_udivmoddi4.o)
 .bss           0x00000000        0x0 d:/siliconlabs/simplicitystudio/v4/developer/toolchains/gnu_arm/7.2_2017q4/bin/../lib/gcc/arm-none-eabi/7.2.1/thumb/v8-m.main/fpv5-sp/softfp\libgcc.a(_udivmoddi4.o)
 .ARM.extab     0x00000000        0x0 d:/siliconlabs/simplicitystudio/v4/developer/toolchains/gnu_arm/7.2_2017q4/bin/../lib/gcc/arm-none-eabi/7.2.1/thumb/v8-m.main/fpv5-sp/softfp\libgcc.a(_udivmoddi4.o)
 .ARM.exidx     0x00000000        0x8 d:/siliconlabs/simplicitystudio/v4/developer/toolchains/gnu_arm/7.2_2017q4/bin/../lib/gcc/arm-none-eabi/7.2.1/thumb/v8-m.main/fpv5-sp/softfp\libgcc.a(_udivmoddi4.o)
 .debug_frame   0x00000000       0x34 d:/siliconlabs/simplicitystudio/v4/developer/toolchains/gnu_arm/7.2_2017q4/bin/../lib/gcc/arm-none-eabi/7.2.1/thumb/v8-m.main/fpv5-sp/softfp\libgcc.a(_udivmoddi4.o)
 .ARM.attributes
                0x00000000       0x36 d:/siliconlabs/simplicitystudio/v4/developer/toolchains/gnu_arm/7.2_2017q4/bin/../lib/gcc/arm-none-eabi/7.2.1/thumb/v8-m.main/fpv5-sp/softfp\libgcc.a(_udivmoddi4.o)
 .text          0x00000000        0x4 d:/siliconlabs/simplicitystudio/v4/developer/toolchains/gnu_arm/7.2_2017q4/bin/../lib/gcc/arm-none-eabi/7.2.1/thumb/v8-m.main/fpv5-sp/softfp\libgcc.a(_dvmd_tls.o)
 .data          0x00000000        0x0 d:/siliconlabs/simplicitystudio/v4/developer/toolchains/gnu_arm/7.2_2017q4/bin/../lib/gcc/arm-none-eabi/7.2.1/thumb/v8-m.main/fpv5-sp/softfp\libgcc.a(_dvmd_tls.o)
 .bss           0x00000000        0x0 d:/siliconlabs/simplicitystudio/v4/developer/toolchains/gnu_arm/7.2_2017q4/bin/../lib/gcc/arm-none-eabi/7.2.1/thumb/v8-m.main/fpv5-sp/softfp\libgcc.a(_dvmd_tls.o)
 .ARM.attributes
                0x00000000       0x26 d:/siliconlabs/simplicitystudio/v4/developer/toolchains/gnu_arm/7.2_2017q4/bin/../lib/gcc/arm-none-eabi/7.2.1/thumb/v8-m.main/fpv5-sp/softfp\libgcc.a(_dvmd_tls.o)
 .text          0x00000000        0x0 d:/siliconlabs/simplicitystudio/v4/developer/toolchains/gnu_arm/7.2_2017q4/bin/../lib/gcc/arm-none-eabi/7.2.1/../../../../arm-none-eabi/lib/thumb/v8-m.main/fpv5-sp/softfp\libc_nano.a(lib_a-exit.o)
 .data          0x00000000        0x0 d:/siliconlabs/simplicitystudio/v4/developer/toolchains/gnu_arm/7.2_2017q4/bin/../lib/gcc/arm-none-eabi/7.2.1/../../../../arm-none-eabi/lib/thumb/v8-m.main/fpv5-sp/softfp\libc_nano.a(lib_a-exit.o)
 .bss           0x00000000        0x0 d:/siliconlabs/simplicitystudio/v4/developer/toolchains/gnu_arm/7.2_2017q4/bin/../lib/gcc/arm-none-eabi/7.2.1/../../../../arm-none-eabi/lib/thumb/v8-m.main/fpv5-sp/softfp\libc_nano.a(lib_a-exit.o)
 .text          0x00000000        0x0 d:/siliconlabs/simplicitystudio/v4/developer/toolchains/gnu_arm/7.2_2017q4/bin/../lib/gcc/arm-none-eabi/7.2.1/../../../../arm-none-eabi/lib/thumb/v8-m.main/fpv5-sp/softfp\libc_nano.a(lib_a-impure.o)
 .data          0x00000000        0x0 d:/siliconlabs/simplicitystudio/v4/developer/toolchains/gnu_arm/7.2_2017q4/bin/../lib/gcc/arm-none-eabi/7.2.1/../../../../arm-none-eabi/lib/thumb/v8-m.main/fpv5-sp/softfp\libc_nano.a(lib_a-impure.o)
 .bss           0x00000000        0x0 d:/siliconlabs/simplicitystudio/v4/developer/toolchains/gnu_arm/7.2_2017q4/bin/../lib/gcc/arm-none-eabi/7.2.1/../../../../arm-none-eabi/lib/thumb/v8-m.main/fpv5-sp/softfp\libc_nano.a(lib_a-impure.o)
 .data._impure_ptr
                0x00000000        0x4 d:/siliconlabs/simplicitystudio/v4/developer/toolchains/gnu_arm/7.2_2017q4/bin/../lib/gcc/arm-none-eabi/7.2.1/../../../../arm-none-eabi/lib/thumb/v8-m.main/fpv5-sp/softfp\libc_nano.a(lib_a-impure.o)
 .text          0x00000000        0x0 d:/siliconlabs/simplicitystudio/v4/developer/toolchains/gnu_arm/7.2_2017q4/bin/../lib/gcc/arm-none-eabi/7.2.1/../../../../arm-none-eabi/lib/thumb/v8-m.main/fpv5-sp/softfp\libc_nano.a(lib_a-init.o)
 .data          0x00000000        0x0 d:/siliconlabs/simplicitystudio/v4/developer/toolchains/gnu_arm/7.2_2017q4/bin/../lib/gcc/arm-none-eabi/7.2.1/../../../../arm-none-eabi/lib/thumb/v8-m.main/fpv5-sp/softfp\libc_nano.a(lib_a-init.o)
 .bss           0x00000000        0x0 d:/siliconlabs/simplicitystudio/v4/developer/toolchains/gnu_arm/7.2_2017q4/bin/../lib/gcc/arm-none-eabi/7.2.1/../../../../arm-none-eabi/lib/thumb/v8-m.main/fpv5-sp/softfp\libc_nano.a(lib_a-init.o)
 .text          0x00000000        0x0 d:/siliconlabs/simplicitystudio/v4/developer/toolchains/gnu_arm/7.2_2017q4/bin/../lib/gcc/arm-none-eabi/7.2.1/../../../../arm-none-eabi/lib/thumb/v8-m.main/fpv5-sp/softfp\libc_nano.a(lib_a-memset.o)
 .data          0x00000000        0x0 d:/siliconlabs/simplicitystudio/v4/developer/toolchains/gnu_arm/7.2_2017q4/bin/../lib/gcc/arm-none-eabi/7.2.1/../../../../arm-none-eabi/lib/thumb/v8-m.main/fpv5-sp/softfp\libc_nano.a(lib_a-memset.o)
 .bss           0x00000000        0x0 d:/siliconlabs/simplicitystudio/v4/developer/toolchains/gnu_arm/7.2_2017q4/bin/../lib/gcc/arm-none-eabi/7.2.1/../../../../arm-none-eabi/lib/thumb/v8-m.main/fpv5-sp/softfp\libc_nano.a(lib_a-memset.o)
 .text          0x00000000        0x0 d:/siliconlabs/simplicitystudio/v4/developer/toolchains/gnu_arm/7.2_2017q4/bin/../lib/gcc/arm-none-eabi/7.2.1/../../../../arm-none-eabi/lib/thumb/v8-m.main/fpv5-sp/softfp\libnosys.a(_exit.o)
 .data          0x00000000        0x0 d:/siliconlabs/simplicitystudio/v4/developer/toolchains/gnu_arm/7.2_2017q4/bin/../lib/gcc/arm-none-eabi/7.2.1/../../../../arm-none-eabi/lib/thumb/v8-m.main/fpv5-sp/softfp\libnosys.a(_exit.o)
 .bss           0x00000000        0x0 d:/siliconlabs/simplicitystudio/v4/developer/toolchains/gnu_arm/7.2_2017q4/bin/../lib/gcc/arm-none-eabi/7.2.1/../../../../arm-none-eabi/lib/thumb/v8-m.main/fpv5-sp/softfp\libnosys.a(_exit.o)
 .text          0x00000000        0x0 d:/siliconlabs/simplicitystudio/v4/developer/toolchains/gnu_arm/7.2_2017q4/bin/../lib/gcc/arm-none-eabi/7.2.1/thumb/v8-m.main/fpv5-sp/softfp/crtend.o
 .data          0x00000000        0x0 d:/siliconlabs/simplicitystudio/v4/developer/toolchains/gnu_arm/7.2_2017q4/bin/../lib/gcc/arm-none-eabi/7.2.1/thumb/v8-m.main/fpv5-sp/softfp/crtend.o
 .bss           0x00000000        0x0 d:/siliconlabs/simplicitystudio/v4/developer/toolchains/gnu_arm/7.2_2017q4/bin/../lib/gcc/arm-none-eabi/7.2.1/thumb/v8-m.main/fpv5-sp/softfp/crtend.o
 .text          0x00000000        0x0 d:/siliconlabs/simplicitystudio/v4/developer/toolchains/gnu_arm/7.2_2017q4/bin/../lib/gcc/arm-none-eabi/7.2.1/thumb/v8-m.main/fpv5-sp/softfp/crtn.o
 .data          0x00000000        0x0 d:/siliconlabs/simplicitystudio/v4/developer/toolchains/gnu_arm/7.2_2017q4/bin/../lib/gcc/arm-none-eabi/7.2.1/thumb/v8-m.main/fpv5-sp/softfp/crtn.o
 .bss           0x00000000        0x0 d:/siliconlabs/simplicitystudio/v4/developer/toolchains/gnu_arm/7.2_2017q4/bin/../lib/gcc/arm-none-eabi/7.2.1/thumb/v8-m.main/fpv5-sp/softfp/crtn.o

Memory Configuration

Name             Origin             Length             Attributes
FLASH            0x00000000         0x00058000         xr
RAM              0x20000000         0x00008000         xrw
*default*        0x00000000         0xffffffff

Linker script and memory map

LOAD d:/siliconlabs/simplicitystudio/v4/developer/toolchains/gnu_arm/7.2_2017q4/bin/../lib/gcc/arm-none-eabi/7.2.1/thumb/v8-m.main/fpv5-sp/softfp/crti.o
LOAD d:/siliconlabs/simplicitystudio/v4/developer/toolchains/gnu_arm/7.2_2017q4/bin/../lib/gcc/arm-none-eabi/7.2.1/thumb/v8-m.main/fpv5-sp/softfp/crtbegin.o
LOAD d:/siliconlabs/simplicitystudio/v4/developer/toolchains/gnu_arm/7.2_2017q4/bin/../lib/gcc/arm-none-eabi/7.2.1/../../../../arm-none-eabi/lib/thumb/v8-m.main/fpv5-sp/softfp/crt0.o
LOAD ./CMSIS/EFR32BG22/startup_gcc_efr32bg22.o
LOAD ./CMSIS/EFR32BG22/system_efr32bg22.o
LOAD ./emlib/em_acmp.o
LOAD ./emlib/em_adc.o
LOAD ./emlib/em_aes.o
LOAD ./emlib/em_assert.o
LOAD ./emlib/em_burtc.o
LOAD ./emlib/em_can.o
LOAD ./emlib/em_cmu.o
LOAD ./emlib/em_core.o
LOAD ./emlib/em_cryotimer.o
LOAD ./emlib/em_crypto.o
LOAD ./emlib/em_csen.o
LOAD ./emlib/em_dac.o
LOAD ./emlib/em_dbg.o
LOAD ./emlib/em_dma.o
LOAD ./emlib/em_ebi.o
LOAD ./emlib/em_emu.o
LOAD ./emlib/em_eusart.o
LOAD ./emlib/em_gpcrc.o
LOAD ./emlib/em_gpio.o
LOAD ./emlib/em_i2c.o
LOAD ./emlib/em_iadc.o
LOAD ./emlib/em_idac.o
LOAD ./emlib/em_int.o
LOAD ./emlib/em_lcd.o
LOAD ./emlib/em_ldma.o
LOAD ./emlib/em_lesense.o
LOAD ./emlib/em_letimer.o
LOAD ./emlib/em_leuart.o
LOAD ./emlib/em_mpu.o
LOAD ./emlib/em_msc.o
LOAD ./emlib/em_opamp.o
LOAD ./emlib/em_pcnt.o
LOAD ./emlib/em_pdm.o
LOAD ./emlib/em_prs.o
LOAD ./emlib/em_qspi.o
LOAD ./emlib/em_rmu.o
LOAD ./emlib/em_rtc.o
LOAD ./emlib/em_rtcc.o
LOAD ./emlib/em_se.o
LOAD ./emlib/em_system.o
LOAD ./emlib/em_timer.o
LOAD ./emlib/em_usart.o
LOAD ./emlib/em_vcmp.o
LOAD ./emlib/em_vdac.o
LOAD ./emlib/em_wdog.o
LOAD ./src/Si5356D.o
LOAD ./src/main.o
LOAD ./src/moni_I2C_A.o
START GROUP
LOAD d:/siliconlabs/simplicitystudio/v4/developer/toolchains/gnu_arm/7.2_2017q4/bin/../lib/gcc/arm-none-eabi/7.2.1/thumb/v8-m.main/fpv5-sp/softfp\libgcc.a
LOAD d:/siliconlabs/simplicitystudio/v4/developer/toolchains/gnu_arm/7.2_2017q4/bin/../lib/gcc/arm-none-eabi/7.2.1/../../../../arm-none-eabi/lib/thumb/v8-m.main/fpv5-sp/softfp\libc_nano.a
LOAD d:/siliconlabs/simplicitystudio/v4/developer/toolchains/gnu_arm/7.2_2017q4/bin/../lib/gcc/arm-none-eabi/7.2.1/../../../../arm-none-eabi/lib/thumb/v8-m.main/fpv5-sp/softfp\libnosys.a
END GROUP
START GROUP
LOAD d:/siliconlabs/simplicitystudio/v4/developer/toolchains/gnu_arm/7.2_2017q4/bin/../lib/gcc/arm-none-eabi/7.2.1/thumb/v8-m.main/fpv5-sp/softfp\libgcc.a
LOAD d:/siliconlabs/simplicitystudio/v4/developer/toolchains/gnu_arm/7.2_2017q4/bin/../lib/gcc/arm-none-eabi/7.2.1/../../../../arm-none-eabi/lib/thumb/v8-m.main/fpv5-sp/softfp\libc_nano.a
END GROUP
START GROUP
LOAD d:/siliconlabs/simplicitystudio/v4/developer/toolchains/gnu_arm/7.2_2017q4/bin/../lib/gcc/arm-none-eabi/7.2.1/thumb/v8-m.main/fpv5-sp/softfp\libgcc.a
LOAD d:/siliconlabs/simplicitystudio/v4/developer/toolchains/gnu_arm/7.2_2017q4/bin/../lib/gcc/arm-none-eabi/7.2.1/../../../../arm-none-eabi/lib/thumb/v8-m.main/fpv5-sp/softfp\libc_nano.a
END GROUP
LOAD d:/siliconlabs/simplicitystudio/v4/developer/toolchains/gnu_arm/7.2_2017q4/bin/../lib/gcc/arm-none-eabi/7.2.1/thumb/v8-m.main/fpv5-sp/softfp/crtend.o
LOAD d:/siliconlabs/simplicitystudio/v4/developer/toolchains/gnu_arm/7.2_2017q4/bin/../lib/gcc/arm-none-eabi/7.2.1/thumb/v8-m.main/fpv5-sp/softfp/crtn.o

.text           0x00000000     0x1e7c
 *(.vectors)
 .vectors       0x00000000      0x140 ./CMSIS/EFR32BG22/startup_gcc_efr32bg22.o
                0x00000000                __Vectors
                0x00000140                __Vectors_End = .
                0x00000140                __Vectors_Size = (__Vectors_End - __Vectors)
                0x00000140                __end__ = .
 *(.text*)
 .text          0x00000140       0x40 d:/siliconlabs/simplicitystudio/v4/developer/toolchains/gnu_arm/7.2_2017q4/bin/../lib/gcc/arm-none-eabi/7.2.1/thumb/v8-m.main/fpv5-sp/softfp/crtbegin.o
 .text          0x00000180       0x74 d:/siliconlabs/simplicitystudio/v4/developer/toolchains/gnu_arm/7.2_2017q4/bin/../lib/gcc/arm-none-eabi/7.2.1/../../../../arm-none-eabi/lib/thumb/v8-m.main/fpv5-sp/softfp/crt0.o
                0x00000180                _start
                0x00000180                _mainCRTStartup
 .text          0x000001f4       0x30 ./CMSIS/EFR32BG22/startup_gcc_efr32bg22.o
                0x000001f4                Reset_Handler
                0x00000220                SW2_IRQHandler
                0x00000220                TIMER2_IRQHandler
                0x00000220                DebugMon_Handler
                0x00000220                USART0_TX_IRQHandler
                0x00000220                PKE_IRQHandler
                0x00000220                PRORTC_IRQHandler
                0x00000220                IADC_IRQHandler
                0x00000220                I2C0_IRQHandler
                0x00000220                LFXO_IRQHandler
                0x00000220                CRYPTOACC_IRQHandler
                0x00000220                HardFault_Handler
                0x00000220                SMU_SECURE_IRQHandler
                0x00000220                SysTick_Handler
                0x00000220                USART1_RX_IRQHandler
                0x00000220                EMUEFP_IRQHandler
                0x00000220                PendSV_Handler
                0x00000220                NMI_Handler
                0x00000220                SYNTH_IRQHandler
                0x00000220                HFXO0_IRQHandler
                0x00000220                I2C1_IRQHandler
                0x00000220                PDM_IRQHandler
                0x00000220                WDOG0_IRQHandler
                0x00000220                TIMER3_IRQHandler
                0x00000220                SYSCFG_IRQHandler
                0x00000220                EMUSE_IRQHandler
                0x00000220                EMUDG_IRQHandler
                0x00000220                USART1_TX_IRQHandler
                0x00000220                SMU_PRIVILEGED_IRQHandler
                0x00000220                MSC_IRQHandler
                0x00000220                DPLL0_IRQHandler
                0x00000220                UsageFault_Handler
                0x00000220                M33CTI1_IRQHandler
                0x00000220                TIMER4_IRQHandler
                0x00000220                GPIO_EVEN_IRQHandler
                0x00000220                LDMA_IRQHandler
                0x00000220                SW0_IRQHandler
                0x00000220                TIMER0_IRQHandler
                0x00000220                ULFRCO_IRQHandler
                0x00000220                LETIMER0_IRQHandler
                0x00000220                TIMER1_IRQHandler
                0x00000220                HFRCO0_IRQHandler
                0x00000220                RFSENSE_IRQHandler
                0x00000220                BUFC_IRQHandler
                0x00000220                DCDC_IRQHandler
                0x00000220                MODEM_IRQHandler
                0x00000220                Default_Handler
                0x00000220                RAC_SEQ_IRQHandler
                0x00000220                FRC_PRI_IRQHandler
                0x00000220                SW3_IRQHandler
                0x00000220                EMU_IRQHandler
                0x00000220                KERNEL0_IRQHandler
                0x00000220                FRC_IRQHandler
                0x00000220                KERNEL1_IRQHandler
                0x00000220                AGC_IRQHandler
                0x00000220                sl_app_properties
                0x00000220                BURTC_IRQHandler
                0x00000220                LFRCO_IRQHandler
                0x00000220                USART0_RX_IRQHandler
                0x00000220                MemManage_Handler
                0x00000220                RDMAILBOX_IRQHandler
                0x00000220                SVC_Handler
                0x00000220                RTCC_IRQHandler
                0x00000220                SW1_IRQHandler
                0x00000220                CMU_IRQHandler
                0x00000220                RAC_RSM_IRQHandler
                0x00000220                EUART0_TX_IRQHandler
                0x00000220                EUART0_RX_IRQHandler
                0x00000220                GPIO_ODD_IRQHandler
                0x00000220                AES_IRQHandler
                0x00000220                M33CTI0_IRQHandler
                0x00000220                ICACHE0_IRQHandler
                0x00000220                SMU_NS_PRIVILEGED_IRQHandler
                0x00000220                PROTIMER_IRQHandler
                0x00000220                BusFault_Handler
                0x00000220                TRNG_IRQHandler
 .text.SystemInit
                0x00000224       0x1c ./CMSIS/EFR32BG22/system_efr32bg22.o
                0x00000224                SystemInit
 .text.SystemSYSCLKGet
                0x00000240       0x38 ./CMSIS/EFR32BG22/system_efr32bg22.o
                0x00000240                SystemSYSCLKGet
 .text.SystemHCLKGet
                0x00000278       0x4c ./CMSIS/EFR32BG22/system_efr32bg22.o
                0x00000278                SystemHCLKGet
 .text.SystemHFXOClockGet
                0x000002c4        0xc ./CMSIS/EFR32BG22/system_efr32bg22.o
                0x000002c4                SystemHFXOClockGet
 .text.SystemHFRCODPLLClockGet
                0x000002d0        0xc ./CMSIS/EFR32BG22/system_efr32bg22.o
                0x000002d0                SystemHFRCODPLLClockGet
 .text.SystemCLKIN0Get
                0x000002dc        0x4 ./CMSIS/EFR32BG22/system_efr32bg22.o
                0x000002dc                SystemCLKIN0Get
 .text.SystemFSRCOClockGet
                0x000002e0        0x8 ./CMSIS/EFR32BG22/system_efr32bg22.o
                0x000002e0                SystemFSRCOClockGet
 .text.SystemLFRCOClockGet
                0x000002e8        0x8 ./CMSIS/EFR32BG22/system_efr32bg22.o
                0x000002e8                SystemLFRCOClockGet
 .text.SystemULFRCOClockGet
                0x000002f0        0x8 ./CMSIS/EFR32BG22/system_efr32bg22.o
                0x000002f0                SystemULFRCOClockGet
 .text.SystemLFXOClockGet
                0x000002f8        0xc ./CMSIS/EFR32BG22/system_efr32bg22.o
                0x000002f8                SystemLFXOClockGet
 .text.em01GrpaClkGet
                0x00000304       0x48 ./emlib/em_cmu.o
 .text.iadcClkGet
                0x0000034c       0x48 ./emlib/em_cmu.o
 .text.em01GrpbClkGet
                0x00000394       0x64 ./emlib/em_cmu.o
 .text.em23GrpaClkGet
                0x000003f8       0x48 ./emlib/em_cmu.o
 .text.wdog0ClkGet
                0x00000440       0x54 ./emlib/em_cmu.o
 .text.rtccClkGet
                0x00000494       0x48 ./emlib/em_cmu.o
 .text.em4GrpaClkGet
                0x000004dc       0x48 ./emlib/em_cmu.o
 .text.euart0ClkGet
                0x00000524       0x34 ./emlib/em_cmu.o
 .text.CMU_ClockEnable
                0x00000558       0x6c ./emlib/em_cmu.o
                0x00000558                CMU_ClockEnable
 .text.CMU_ClockFreqGet
                0x000005c4      0x1a8 ./emlib/em_cmu.o
                0x000005c4                CMU_ClockFreqGet
 .text.GPIO_PinModeSet
                0x0000076c       0x98 ./emlib/em_gpio.o
                0x0000076c                GPIO_PinModeSet
 .text.USART_BaudrateAsyncSet
                0x00000804       0x64 ./emlib/em_usart.o
                0x00000804                USART_BaudrateAsyncSet
 .text.USART_InitAsync
                0x00000868      0x154 ./emlib/em_usart.o
                0x00000868                USART_InitAsync
 .text.USART_Tx
                0x000009bc        0xc ./emlib/em_usart.o
                0x000009bc                USART_Tx
 .text.config_si5338_100M_90M
                0x000009c8       0x68 ./src/Si5356D.o
                0x000009c8                config_si5338_100M_90M
 .text.config_si5338_100M_98M
                0x00000a30       0x68 ./src/Si5356D.o
                0x00000a30                config_si5338_100M_98M
 .text.pll_init
                0x00000a98       0x78 ./src/main.o
                0x00000a98                pll_init
 .text.initUsart0
                0x00000b10       0x44 ./src/main.o
                0x00000b10                initUsart0
 .text.dalay    0x00000b54        0x4 ./src/main.o
                0x00000b54                dalay
 .text.Delay_Us
                0x00000b58        0x4 ./src/main.o
                0x00000b58                Delay_Us
 .text.gpio_pwm_test
                0x00000b5c      0x1b0 ./src/main.o
                0x00000b5c                gpio_pwm_test
 .text.startup.main
                0x00000d0c      0x57c ./src/main.o
                0x00000d0c                main
 .text.i2c_gpio_init_A
                0x00001288       0x28 ./src/moni_I2C_A.o
                0x00001288                i2c_gpio_init_A
 .text.I2C_Start_A
                0x000012b0       0x40 ./src/moni_I2C_A.o
                0x000012b0                I2C_Start_A
 .text.I2C_Stop_A
                0x000012f0       0x40 ./src/moni_I2C_A.o
                0x000012f0                I2C_Stop_A
 .text.I2C_NoAck_A
                0x00001330       0x44 ./src/moni_I2C_A.o
                0x00001330                I2C_NoAck_A
 .text.I2C_WaitAck_A
                0x00001374       0x60 ./src/moni_I2C_A.o
                0x00001374                I2C_WaitAck_A
 .text.I2C_SendByte_A
                0x000013d4       0x70 ./src/moni_I2C_A.o
                0x000013d4                I2C_SendByte_A
 .text.I2C_RecvByte_A
                0x00001444       0x78 ./src/moni_I2C_A.o
                0x00001444                I2C_RecvByte_A
 .text.moni_IIC_Write_A
                0x000014bc       0x5c ./src/moni_I2C_A.o
                0x000014bc                moni_IIC_Write_A
 .text.moni_IIC_Read_A
                0x00001518       0x6c ./src/moni_I2C_A.o
                0x00001518                moni_IIC_Read_A
 .text.exit     0x00001584       0x28 d:/siliconlabs/simplicitystudio/v4/developer/toolchains/gnu_arm/7.2_2017q4/bin/../lib/gcc/arm-none-eabi/7.2.1/../../../../arm-none-eabi/lib/thumb/v8-m.main/fpv5-sp/softfp\libc_nano.a(lib_a-exit.o)
                0x00001584                exit
 .text.__libc_init_array
                0x000015ac       0x48 d:/siliconlabs/simplicitystudio/v4/developer/toolchains/gnu_arm/7.2_2017q4/bin/../lib/gcc/arm-none-eabi/7.2.1/../../../../arm-none-eabi/lib/thumb/v8-m.main/fpv5-sp/softfp\libc_nano.a(lib_a-init.o)
                0x000015ac                __libc_init_array
 .text.memset   0x000015f4       0x10 d:/siliconlabs/simplicitystudio/v4/developer/toolchains/gnu_arm/7.2_2017q4/bin/../lib/gcc/arm-none-eabi/7.2.1/../../../../arm-none-eabi/lib/thumb/v8-m.main/fpv5-sp/softfp\libc_nano.a(lib_a-memset.o)
                0x000015f4                memset
 .text._exit    0x00001604        0x4 d:/siliconlabs/simplicitystudio/v4/developer/toolchains/gnu_arm/7.2_2017q4/bin/../lib/gcc/arm-none-eabi/7.2.1/../../../../arm-none-eabi/lib/thumb/v8-m.main/fpv5-sp/softfp\libnosys.a(_exit.o)
                0x00001604                _exit
 *(.init)
 .init          0x00001608        0x4 d:/siliconlabs/simplicitystudio/v4/developer/toolchains/gnu_arm/7.2_2017q4/bin/../lib/gcc/arm-none-eabi/7.2.1/thumb/v8-m.main/fpv5-sp/softfp/crti.o
                0x00001608                _init
 .init          0x0000160c        0x8 d:/siliconlabs/simplicitystudio/v4/developer/toolchains/gnu_arm/7.2_2017q4/bin/../lib/gcc/arm-none-eabi/7.2.1/thumb/v8-m.main/fpv5-sp/softfp/crtn.o
 *(.fini)
 .fini          0x00001614        0x4 d:/siliconlabs/simplicitystudio/v4/developer/toolchains/gnu_arm/7.2_2017q4/bin/../lib/gcc/arm-none-eabi/7.2.1/thumb/v8-m.main/fpv5-sp/softfp/crti.o
                0x00001614                _fini
 .fini          0x00001618        0x8 d:/siliconlabs/simplicitystudio/v4/developer/toolchains/gnu_arm/7.2_2017q4/bin/../lib/gcc/arm-none-eabi/7.2.1/thumb/v8-m.main/fpv5-sp/softfp/crtn.o
 *crtbegin.o(.ctors)
 *crtbegin?.o(.ctors)
 *(EXCLUDE_FILE(*crtend.o *crtend?.o) .ctors)
 *(SORT_BY_NAME(.ctors.*))
 *(.ctors)
 *crtbegin.o(.dtors)
 *crtbegin?.o(.dtors)
 *(EXCLUDE_FILE(*crtend.o *crtend?.o) .dtors)
 *(SORT_BY_NAME(.dtors.*))
 *(.dtors)
 *(.rodata*)
 .rodata.Reg_Store_100M_90M
                0x00001620      0x41a ./src/Si5356D.o
                0x00001620                Reg_Store_100M_90M
 *fill*         0x00001a3a        0x2 
 .rodata.Reg_Store_100M_98M
                0x00001a3c      0x41a ./src/Si5356D.o
                0x00001a3c                Reg_Store_100M_98M
 *fill*         0x00001e56        0x2 
 .rodata        0x00001e58       0x1c ./src/main.o
 .rodata._global_impure_ptr
                0x00001e74        0x4 d:/siliconlabs/simplicitystudio/v4/developer/toolchains/gnu_arm/7.2_2017q4/bin/../lib/gcc/arm-none-eabi/7.2.1/../../../../arm-none-eabi/lib/thumb/v8-m.main/fpv5-sp/softfp\libc_nano.a(lib_a-impure.o)
                0x00001e74                _global_impure_ptr
 *(.eh_frame*)
 .eh_frame      0x00001e78        0x0 d:/siliconlabs/simplicitystudio/v4/developer/toolchains/gnu_arm/7.2_2017q4/bin/../lib/gcc/arm-none-eabi/7.2.1/thumb/v8-m.main/fpv5-sp/softfp/crtbegin.o
 .eh_frame      0x00001e78        0x4 d:/siliconlabs/simplicitystudio/v4/developer/toolchains/gnu_arm/7.2_2017q4/bin/../lib/gcc/arm-none-eabi/7.2.1/thumb/v8-m.main/fpv5-sp/softfp/crtend.o

.glue_7         0x00001e7c        0x0
 .glue_7        0x00001e7c        0x0 linker stubs

.glue_7t        0x00001e7c        0x0
 .glue_7t       0x00001e7c        0x0 linker stubs

.vfp11_veneer   0x00001e7c        0x0
 .vfp11_veneer  0x00001e7c        0x0 linker stubs

.v4_bx          0x00001e7c        0x0
 .v4_bx         0x00001e7c        0x0 linker stubs

.iplt           0x00001e7c        0x0
 .iplt          0x00001e7c        0x0 d:/siliconlabs/simplicitystudio/v4/developer/toolchains/gnu_arm/7.2_2017q4/bin/../lib/gcc/arm-none-eabi/7.2.1/thumb/v8-m.main/fpv5-sp/softfp/crtbegin.o

.ARM.extab
 *(.ARM.extab* .gnu.linkonce.armextab.*)
                0x00001e7c                __exidx_start = .

.ARM.exidx      0x00001e7c        0x8
 *(.ARM.exidx* .gnu.linkonce.armexidx.*)
 .ARM.exidx     0x00001e7c        0x8 d:/siliconlabs/simplicitystudio/v4/developer/toolchains/gnu_arm/7.2_2017q4/bin/../lib/gcc/arm-none-eabi/7.2.1/../../../../arm-none-eabi/lib/thumb/v8-m.main/fpv5-sp/softfp/crt0.o
                0x00001e84                __exidx_end = .
                0x00001e84                __etext = .

.rel.dyn        0x00001e84        0x0
 .rel.iplt      0x00001e84        0x0 d:/siliconlabs/simplicitystudio/v4/developer/toolchains/gnu_arm/7.2_2017q4/bin/../lib/gcc/arm-none-eabi/7.2.1/thumb/v8-m.main/fpv5-sp/softfp/crtbegin.o

.data           0x20000000       0x78 load address 0x00001e84
                0x20000000                __data_start__ = .
 *(vtable)
 *(.data*)
 .data.SystemCoreClock
                0x20000000        0x4 ./CMSIS/EFR32BG22/system_efr32bg22.o
                0x20000000                SystemCoreClock
 .data.SystemHFRCODPLLClock
                0x20000004        0x4 ./CMSIS/EFR32BG22/system_efr32bg22.o
 .data.SystemHFXOClock
                0x20000008        0x4 ./CMSIS/EFR32BG22/system_efr32bg22.o
 .data.SystemLFXOClock
                0x2000000c        0x4 ./CMSIS/EFR32BG22/system_efr32bg22.o
 .data.impure_data
                0x20000010       0x60 d:/siliconlabs/simplicitystudio/v4/developer/toolchains/gnu_arm/7.2_2017q4/bin/../lib/gcc/arm-none-eabi/7.2.1/../../../../arm-none-eabi/lib/thumb/v8-m.main/fpv5-sp/softfp\libc_nano.a(lib_a-impure.o)
                0x20000070                . = ALIGN (0x4)
 *(.ram)
                0x20000070                . = ALIGN (0x4)
                0x20000070                PROVIDE (__preinit_array_start, .)
 *(.preinit_array)
                0x20000070                PROVIDE (__preinit_array_end, .)
                0x20000070                . = ALIGN (0x4)
                0x20000070                PROVIDE (__init_array_start, .)
 *(SORT_BY_NAME(.init_array.*))
 *(.init_array)
 .init_array    0x20000070        0x4 d:/siliconlabs/simplicitystudio/v4/developer/toolchains/gnu_arm/7.2_2017q4/bin/../lib/gcc/arm-none-eabi/7.2.1/thumb/v8-m.main/fpv5-sp/softfp/crtbegin.o
                0x20000074                PROVIDE (__init_array_end, .)
                0x20000074                . = ALIGN (0x4)
                [!provide]                PROVIDE (__fini_array_start, .)
 *(SORT_BY_NAME(.fini_array.*))
 *(.fini_array)
 .fini_array    0x20000074        0x4 d:/siliconlabs/simplicitystudio/v4/developer/toolchains/gnu_arm/7.2_2017q4/bin/../lib/gcc/arm-none-eabi/7.2.1/thumb/v8-m.main/fpv5-sp/softfp/crtbegin.o
                [!provide]                PROVIDE (__fini_array_end, .)
 *(.jcr*)
                0x20000078                . = ALIGN (0x4)
                0x20000078                __data_end__ = .

.igot.plt       0x20000078        0x0 load address 0x00001efc
 .igot.plt      0x20000078        0x0 d:/siliconlabs/simplicitystudio/v4/developer/toolchains/gnu_arm/7.2_2017q4/bin/../lib/gcc/arm-none-eabi/7.2.1/thumb/v8-m.main/fpv5-sp/softfp/crtbegin.o

.bss            0x20000078       0x30 load address 0x00001efc
                0x20000078                . = ALIGN (0x4)
                0x20000078                __bss_start__ = .
 *(.bss*)
 .bss           0x20000078       0x1c d:/siliconlabs/simplicitystudio/v4/developer/toolchains/gnu_arm/7.2_2017q4/bin/../lib/gcc/arm-none-eabi/7.2.1/thumb/v8-m.main/fpv5-sp/softfp/crtbegin.o
 *(COMMON)
 COMMON         0x20000094       0x11 ./src/main.o
                0x20000094                rs0_val
                0x20000095                xset_val
                0x20000096                rs1_val
                0x20000097                los_old
                0x20000098                xset_clk_old
                0x20000099                oldnENdata
                0x2000009a                oldseldata
                0x2000009b                seldata
                0x2000009c                reg_val
                0x2000009d                sel2_val
                0x2000009e                sel1_val
                0x2000009f                lol
                0x200000a0                sel0_val
                0x200000a1                xset_clk
                0x200000a2                lol_old
                0x200000a3                los
                0x200000a4                nENdata
                0x200000a8                . = ALIGN (0x4)
 *fill*         0x200000a5        0x3 
                0x200000a8                __bss_end__ = .

.heap           0x200000a8      0xc00
                0x200000a8                __HeapBase = .
                0x200000a8                __end__ = .
                0x200000a8                end = __end__
                0x200000a8                _end = __end__
 *(.heap*)
 .heap          0x200000a8      0xc00 ./CMSIS/EFR32BG22/startup_gcc_efr32bg22.o
                0x20000ca8                __HeapLimit = .

.stack_dummy    0x200000a8      0x400
 *(.stack*)
 .stack         0x200000a8      0x400 ./CMSIS/EFR32BG22/startup_gcc_efr32bg22.o
                0x20008000                __StackTop = (ORIGIN (RAM) + LENGTH (RAM))
                0x20007c00                __StackLimit = (__StackTop - SIZEOF (.stack_dummy))
                0x20008000                PROVIDE (__stack, __StackTop)
                0x00000001                ASSERT ((__StackLimit >= __HeapLimit), region RAM overflowed with stack)
                0x00000001                ASSERT ((LENGTH (FLASH) >= (__etext + SIZEOF (.data))), FLASH memory overflowed !)
OUTPUT(EFR32BG22C112F352GM32.axf elf32-littlearm)

.ARM.attributes
                0x00000000       0x34
 .ARM.attributes
                0x00000000       0x26 d:/siliconlabs/simplicitystudio/v4/developer/toolchains/gnu_arm/7.2_2017q4/bin/../lib/gcc/arm-none-eabi/7.2.1/thumb/v8-m.main/fpv5-sp/softfp/crti.o
 .ARM.attributes
                0x00000026       0x36 d:/siliconlabs/simplicitystudio/v4/developer/toolchains/gnu_arm/7.2_2017q4/bin/../lib/gcc/arm-none-eabi/7.2.1/thumb/v8-m.main/fpv5-sp/softfp/crtbegin.o
 .ARM.attributes
                0x0000005c       0x24 d:/siliconlabs/simplicitystudio/v4/developer/toolchains/gnu_arm/7.2_2017q4/bin/../lib/gcc/arm-none-eabi/7.2.1/../../../../arm-none-eabi/lib/thumb/v8-m.main/fpv5-sp/softfp/crt0.o
 .ARM.attributes
                0x00000080       0x24 ./CMSIS/EFR32BG22/startup_gcc_efr32bg22.o
 .ARM.attributes
                0x000000a4       0x3a ./CMSIS/EFR32BG22/system_efr32bg22.o
 .ARM.attributes
                0x000000de       0x3a ./emlib/em_cmu.o
 .ARM.attributes
                0x00000118       0x3a ./emlib/em_gpio.o
 .ARM.attributes
                0x00000152       0x3a ./emlib/em_usart.o
 .ARM.attributes
                0x0000018c       0x3a ./src/Si5356D.o
 .ARM.attributes
                0x000001c6       0x3a ./src/main.o
 .ARM.attributes
                0x00000200       0x3a ./src/moni_I2C_A.o
 .ARM.attributes
                0x0000023a       0x36 d:/siliconlabs/simplicitystudio/v4/developer/toolchains/gnu_arm/7.2_2017q4/bin/../lib/gcc/arm-none-eabi/7.2.1/../../../../arm-none-eabi/lib/thumb/v8-m.main/fpv5-sp/softfp\libc_nano.a(lib_a-exit.o)
 .ARM.attributes
                0x00000270       0x36 d:/siliconlabs/simplicitystudio/v4/developer/toolchains/gnu_arm/7.2_2017q4/bin/../lib/gcc/arm-none-eabi/7.2.1/../../../../arm-none-eabi/lib/thumb/v8-m.main/fpv5-sp/softfp\libc_nano.a(lib_a-impure.o)
 .ARM.attributes
                0x000002a6       0x36 d:/siliconlabs/simplicitystudio/v4/developer/toolchains/gnu_arm/7.2_2017q4/bin/../lib/gcc/arm-none-eabi/7.2.1/../../../../arm-none-eabi/lib/thumb/v8-m.main/fpv5-sp/softfp\libc_nano.a(lib_a-init.o)
 .ARM.attributes
                0x000002dc       0x36 d:/siliconlabs/simplicitystudio/v4/developer/toolchains/gnu_arm/7.2_2017q4/bin/../lib/gcc/arm-none-eabi/7.2.1/../../../../arm-none-eabi/lib/thumb/v8-m.main/fpv5-sp/softfp\libc_nano.a(lib_a-memset.o)
 .ARM.attributes
                0x00000312       0x36 d:/siliconlabs/simplicitystudio/v4/developer/toolchains/gnu_arm/7.2_2017q4/bin/../lib/gcc/arm-none-eabi/7.2.1/../../../../arm-none-eabi/lib/thumb/v8-m.main/fpv5-sp/softfp\libnosys.a(_exit.o)
 .ARM.attributes
                0x00000348       0x36 d:/siliconlabs/simplicitystudio/v4/developer/toolchains/gnu_arm/7.2_2017q4/bin/../lib/gcc/arm-none-eabi/7.2.1/thumb/v8-m.main/fpv5-sp/softfp/crtend.o
 .ARM.attributes
                0x0000037e       0x26 d:/siliconlabs/simplicitystudio/v4/developer/toolchains/gnu_arm/7.2_2017q4/bin/../lib/gcc/arm-none-eabi/7.2.1/thumb/v8-m.main/fpv5-sp/softfp/crtn.o

.comment        0x00000000       0x7e
 .comment       0x00000000       0x7e ./CMSIS/EFR32BG22/system_efr32bg22.o
                                 0x7f (size before relaxing)
 .comment       0x0000007e       0x7f ./emlib/em_cmu.o
 .comment       0x0000007e       0x7f ./emlib/em_gpio.o
 .comment       0x0000007e       0x7f ./emlib/em_usart.o
 .comment       0x0000007e       0x7f ./src/Si5356D.o
 .comment       0x0000007e       0x7f ./src/main.o
 .comment       0x0000007e       0x7f ./src/moni_I2C_A.o

.debug_frame    0x00000000       0x94
 .debug_frame   0x00000000       0x28 d:/siliconlabs/simplicitystudio/v4/developer/toolchains/gnu_arm/7.2_2017q4/bin/../lib/gcc/arm-none-eabi/7.2.1/../../../../arm-none-eabi/lib/thumb/v8-m.main/fpv5-sp/softfp\libc_nano.a(lib_a-exit.o)
 .debug_frame   0x00000028       0x2c d:/siliconlabs/simplicitystudio/v4/developer/toolchains/gnu_arm/7.2_2017q4/bin/../lib/gcc/arm-none-eabi/7.2.1/../../../../arm-none-eabi/lib/thumb/v8-m.main/fpv5-sp/softfp\libc_nano.a(lib_a-init.o)
 .debug_frame   0x00000054       0x20 d:/siliconlabs/simplicitystudio/v4/developer/toolchains/gnu_arm/7.2_2017q4/bin/../lib/gcc/arm-none-eabi/7.2.1/../../../../arm-none-eabi/lib/thumb/v8-m.main/fpv5-sp/softfp\libc_nano.a(lib_a-memset.o)
 .debug_frame   0x00000074       0x20 d:/siliconlabs/simplicitystudio/v4/developer/toolchains/gnu_arm/7.2_2017q4/bin/../lib/gcc/arm-none-eabi/7.2.1/../../../../arm-none-eabi/lib/thumb/v8-m.main/fpv5-sp/softfp\libnosys.a(_exit.o)
