Archive member included to satisfy reference by file (symbol)

d:/siliconlabs/simplicitystudio/v4/developer/toolchains/gnu_arm/7.2_2017q4/bin/../lib/gcc/arm-none-eabi/7.2.1/thumb/v8-m.main/fpv5-sp/softfp\libgcc.a(_aeabi_uldivmod.o)
                              ./emlib/em_eusart.o (__aeabi_uldivmod)
d:/siliconlabs/simplicitystudio/v4/developer/toolchains/gnu_arm/7.2_2017q4/bin/../lib/gcc/arm-none-eabi/7.2.1/thumb/v8-m.main/fpv5-sp/softfp\libgcc.a(_udivmoddi4.o)
                              d:/siliconlabs/simplicitystudio/v4/developer/toolchains/gnu_arm/7.2_2017q4/bin/../lib/gcc/arm-none-eabi/7.2.1/thumb/v8-m.main/fpv5-sp/softfp\libgcc.a(_aeabi_uldivmod.o) (__udivmoddi4)
d:/siliconlabs/simplicitystudio/v4/developer/toolchains/gnu_arm/7.2_2017q4/bin/../lib/gcc/arm-none-eabi/7.2.1/thumb/v8-m.main/fpv5-sp/softfp\libgcc.a(_dvmd_tls.o)
                              d:/siliconlabs/simplicitystudio/v4/developer/toolchains/gnu_arm/7.2_2017q4/bin/../lib/gcc/arm-none-eabi/7.2.1/thumb/v8-m.main/fpv5-sp/softfp\libgcc.a(_aeabi_uldivmod.o) (__aeabi_ldiv0)
d:/siliconlabs/simplicitystudio/v4/developer/toolchains/gnu_arm/7.2_2017q4/bin/../lib/gcc/arm-none-eabi/7.2.1/../../../../arm-none-eabi/lib/thumb/v8-m.main/fpv5-sp/softfp\libc_nano.a(lib_a-exit.o)
                              d:/siliconlabs/simplicitystudio/v4/developer/toolchains/gnu_arm/7.2_2017q4/bin/../lib/gcc/arm-none-eabi/7.2.1/../../../../arm-none-eabi/lib/thumb/v8-m.main/fpv5-sp/softfp/crt0.o (exit)
d:/siliconlabs/simplicitystudio/v4/developer/toolchains/gnu_arm/7.2_2017q4/bin/../lib/gcc/arm-none-eabi/7.2.1/../../../../arm-none-eabi/lib/thumb/v8-m.main/fpv5-sp/softfp\libc_nano.a(lib_a-impure.o)
                              d:/siliconlabs/simplicitystudio/v4/developer/toolchains/gnu_arm/7.2_2017q4/bin/../lib/gcc/arm-none-eabi/7.2.1/../../../../arm-none-eabi/lib/thumb/v8-m.main/fpv5-sp/softfp\libc_nano.a(lib_a-exit.o) (_global_impure_ptr)
d:/siliconlabs/simplicitystudio/v4/developer/toolchains/gnu_arm/7.2_2017q4/bin/../lib/gcc/arm-none-eabi/7.2.1/../../../../arm-none-eabi/lib/thumb/v8-m.main/fpv5-sp/softfp\libc_nano.a(lib_a-init.o)
                              d:/siliconlabs/simplicitystudio/v4/developer/toolchains/gnu_arm/7.2_2017q4/bin/../lib/gcc/arm-none-eabi/7.2.1/../../../../arm-none-eabi/lib/thumb/v8-m.main/fpv5-sp/softfp/crt0.o (__libc_init_array)
d:/siliconlabs/simplicitystudio/v4/developer/toolchains/gnu_arm/7.2_2017q4/bin/../lib/gcc/arm-none-eabi/7.2.1/../../../../arm-none-eabi/lib/thumb/v8-m.main/fpv5-sp/softfp\libc_nano.a(lib_a-memset.o)
                              d:/siliconlabs/simplicitystudio/v4/developer/toolchains/gnu_arm/7.2_2017q4/bin/../lib/gcc/arm-none-eabi/7.2.1/../../../../arm-none-eabi/lib/thumb/v8-m.main/fpv5-sp/softfp/crt0.o (memset)
d:/siliconlabs/simplicitystudio/v4/developer/toolchains/gnu_arm/7.2_2017q4/bin/../lib/gcc/arm-none-eabi/7.2.1/../../../../arm-none-eabi/lib/thumb/v8-m.main/fpv5-sp/softfp\libnosys.a(_exit.o)
                              d:/siliconlabs/simplicitystudio/v4/developer/toolchains/gnu_arm/7.2_2017q4/bin/../lib/gcc/arm-none-eabi/7.2.1/../../../../arm-none-eabi/lib/thumb/v8-m.main/fpv5-sp/softfp\libc_nano.a(lib_a-exit.o) (_exit)

Allocating common symbols
Common symbol       size              file

rs0_val             0x1               ./src/main.o
xset_val            0x1               ./src/main.o
rs1_val             0x1               ./src/main.o
los_old             0x1               ./src/main.o
xset_clk_old        0x1               ./src/main.o
reg_val             0x1               ./src/main.o
sel2_val            0x1               ./src/main.o
sel1_val            0x1               ./src/main.o
lol                 0x1               ./src/main.o
sel0_val            0x1               ./src/main.o
xset_clk            0x1               ./src/main.o
lol_old             0x1               ./src/main.o
los                 0x1               ./src/main.o

Discarded input sections

 .text          0x00000000        0x0 d:/siliconlabs/simplicitystudio/v4/developer/toolchains/gnu_arm/7.2_2017q4/bin/../lib/gcc/arm-none-eabi/7.2.1/thumb/v8-m.main/fpv5-sp/softfp/crti.o
 .data          0x00000000        0x0 d:/siliconlabs/simplicitystudio/v4/developer/toolchains/gnu_arm/7.2_2017q4/bin/../lib/gcc/arm-none-eabi/7.2.1/thumb/v8-m.main/fpv5-sp/softfp/crti.o
 .bss           0x00000000        0x0 d:/siliconlabs/simplicitystudio/v4/developer/toolchains/gnu_arm/7.2_2017q4/bin/../lib/gcc/arm-none-eabi/7.2.1/thumb/v8-m.main/fpv5-sp/softfp/crti.o
 .data          0x00000000        0x4 d:/siliconlabs/simplicitystudio/v4/developer/toolchains/gnu_arm/7.2_2017q4/bin/../lib/gcc/arm-none-eabi/7.2.1/thumb/v8-m.main/fpv5-sp/softfp/crtbegin.o
 .data          0x00000000        0x0 d:/siliconlabs/simplicitystudio/v4/developer/toolchains/gnu_arm/7.2_2017q4/bin/../lib/gcc/arm-none-eabi/7.2.1/../../../../arm-none-eabi/lib/thumb/v8-m.main/fpv5-sp/softfp/crt0.o
[...]
Memory Configuration

Name             Origin             Length             Attributes
FLASH            0x00000000         0x00058000         xr
RAM              0x20000000         0x00008000         xrw
*default*        0x00000000         0xffffffff

Linker script and memory map

LOAD d:/siliconlabs/simplicitystudio/v4/developer/toolchains/gnu_arm/7.2_2017q4/bin/../lib/gcc/arm-none-eabi/7.2.1/thumb/v8-m.main/fpv5-sp/softfp/crti.o
LOAD d:/siliconlabs/simplicitystudio/v4/developer/toolchains/gnu_arm/7.2_2017q4/bin/../lib/gcc/arm-none-eabi/7.2.1/thumb/v8-m.main/fpv5-sp/softfp/crtbegin.o
LOAD d:/siliconlabs/simplicitystudio/v4/developer/toolchains/gnu_arm/7.2_2017q4/bin/../lib/gcc/arm-none-eabi/7.2.1/../../../../arm-none-eabi/lib/thumb/v8-m.main/fpv5-sp/softfp/crt0.o
LOAD ./CMSIS/EFR32BG22/startup_gcc_efr32bg22.o
LOAD ./CMSIS/EFR32BG22/system_efr32bg22.o
LOAD ./emlib/em_acmp.o
LOAD ./emlib/em_adc.o
LOAD ./emlib/em_aes.o
LOAD ./emlib/em_assert.o
LOAD ./emlib/em_burtc.o
LOAD ./emlib/em_can.o
LOAD ./emlib/em_cmu.o
LOAD ./emlib/em_core.o
LOAD ./emlib/em_cryotimer.o
LOAD ./emlib/em_crypto.o
LOAD ./emlib/em_csen.o
LOAD ./emlib/em_dac.o
LOAD ./emlib/em_dbg.o
LOAD ./emlib/em_dma.o
LOAD ./emlib/em_ebi.o
LOAD ./emlib/em_emu.o
LOAD ./emlib/em_eusart.o
LOAD ./emlib/em_gpcrc.o
LOAD ./emlib/em_gpio.o
LOAD ./emlib/em_i2c.o
LOAD ./emlib/em_iadc.o
LOAD ./emlib/em_idac.o
LOAD ./emlib/em_int.o
LOAD ./emlib/em_lcd.o
LOAD ./emlib/em_ldma.o
LOAD ./emlib/em_lesense.o
LOAD ./emlib/em_letimer.o
LOAD ./emlib/em_leuart.o
LOAD ./emlib/em_mpu.o
LOAD ./emlib/em_msc.o
LOAD ./emlib/em_opamp.o
LOAD ./emlib/em_pcnt.o
LOAD ./emlib/em_pdm.o
LOAD ./emlib/em_prs.o
LOAD ./emlib/em_qspi.o
LOAD ./emlib/em_rmu.o
LOAD ./emlib/em_rtc.o
LOAD ./emlib/em_rtcc.o
LOAD ./emlib/em_se.o
LOAD ./emlib/em_system.o
LOAD ./emlib/em_timer.o
LOAD ./emlib/em_usart.o
LOAD ./emlib/em_vcmp.o
LOAD ./emlib/em_vdac.o
LOAD ./emlib/em_wdog.o
LOAD ./src/Si5356D.o
LOAD ./src/main.o
LOAD ./src/moni_I2C_A.o
START GROUP
LOAD d:/siliconlabs/simplicitystudio/v4/developer/toolchains/gnu_arm/7.2_2017q4/bin/../lib/gcc/arm-none-eabi/7.2.1/thumb/v8-m.main/fpv5-sp/softfp\libgcc.a
LOAD d:/siliconlabs/simplicitystudio/v4/developer/toolchains/gnu_arm/7.2_2017q4/bin/../lib/gcc/arm-none-eabi/7.2.1/../../../../arm-none-eabi/lib/thumb/v8-m.main/fpv5-sp/softfp\libc_nano.a
LOAD d:/siliconlabs/simplicitystudio/v4/developer/toolchains/gnu_arm/7.2_2017q4/bin/../lib/gcc/arm-none-eabi/7.2.1/../../../../arm-none-eabi/lib/thumb/v8-m.main/fpv5-sp/softfp\libnosys.a
END GROUP
START GROUP
LOAD d:/siliconlabs/simplicitystudio/v4/developer/toolchains/gnu_arm/7.2_2017q4/bin/../lib/gcc/arm-none-eabi/7.2.1/thumb/v8-m.main/fpv5-sp/softfp\libgcc.a
LOAD d:/siliconlabs/simplicitystudio/v4/developer/toolchains/gnu_arm/7.2_2017q4/bin/../lib/gcc/arm-none-eabi/7.2.1/../../../../arm-none-eabi/lib/thumb/v8-m.main/fpv5-sp/softfp\libg_nano.a
LOAD d:/siliconlabs/simplicitystudio/v4/developer/toolchains/gnu_arm/7.2_2017q4/bin/../lib/gcc/arm-none-eabi/7.2.1/../../../../arm-none-eabi/lib/thumb/v8-m.main/fpv5-sp/softfp\libc_nano.a
END GROUP
START GROUP
LOAD d:/siliconlabs/simplicitystudio/v4/developer/toolchains/gnu_arm/7.2_2017q4/bin/../lib/gcc/arm-none-eabi/7.2.1/thumb/v8-m.main/fpv5-sp/softfp\libgcc.a
LOAD d:/siliconlabs/simplicitystudio/v4/developer/toolchains/gnu_arm/7.2_2017q4/bin/../lib/gcc/arm-none-eabi/7.2.1/../../../../arm-none-eabi/lib/thumb/v8-m.main/fpv5-sp/softfp\libc_nano.a
END GROUP
LOAD d:/siliconlabs/simplicitystudio/v4/developer/toolchains/gnu_arm/7.2_2017q4/bin/../lib/gcc/arm-none-eabi/7.2.1/thumb/v8-m.main/fpv5-sp/softfp/crtend.o
LOAD d:/siliconlabs/simplicitystudio/v4/developer/toolchains/gnu_arm/7.2_2017q4/bin/../lib/gcc/arm-none-eabi/7.2.1/thumb/v8-m.main/fpv5-sp/softfp/crtn.o

.text           0x00000000     0x9804
 *(.vectors)
 .vectors       0x00000000      0x140 ./CMSIS/EFR32BG22/startup_gcc_efr32bg22.o
                0x00000000                __Vectors
                0x00000140                __Vectors_End = .
                0x00000140                __Vectors_Size = (__Vectors_End - __Vectors)
                0x00000140                __end__ = .
 *(.text*)
 .text          0x00000140       0x40 d:/siliconlabs/simplicitystudio/v4/developer/toolchains/gnu_arm/7.2_2017q4/bin/../lib/gcc/arm-none-eabi/7.2.1/thumb/v8-m.main/fpv5-sp/softfp/crtbegin.o
 .text          0x00000180       0x74 d:/siliconlabs/simplicitystudio/v4/developer/toolchains/gnu_arm/7.2_2017q4/bin/../lib/gcc/arm-none-eabi/7.2.1/../../../../arm-none-eabi/lib/thumb/v8-m.main/fpv5-sp/softfp/crt0.o
                0x00000180                _start
                0x00000180                _mainCRTStartup
 .text          0x000001f4       0x30 ./CMSIS/EFR32BG22/startup_gcc_efr32bg22.o
                0x000001f4                Reset_Handler
                0x00000220                SW2_IRQHandler
                0x00000220                TIMER2_IRQHandler
                0x00000220                DebugMon_Handler
                0x00000220                USART0_TX_IRQHandler
                0x00000220                PKE_IRQHandler
                0x00000220                PRORTC_IRQHandler
                0x00000220                IADC_IRQHandler
                0x00000220                I2C0_IRQHandler
                0x00000220                LFXO_IRQHandler
                0x00000220                CRYPTOACC_IRQHandler
                0x00000220                HardFault_Handler
                0x00000220                SMU_SECURE_IRQHandler
                0x00000220                SysTick_Handler
                0x00000220                USART1_RX_IRQHandler
                0x00000220                EMUEFP_IRQHandler
                0x00000220                PendSV_Handler
                0x00000220                NMI_Handler
                0x00000220                SYNTH_IRQHandler
                0x00000220                HFXO0_IRQHandler
                0x00000220                I2C1_IRQHandler
                0x00000220                PDM_IRQHandler
                0x00000220                WDOG0_IRQHandler
                0x00000220                TIMER3_IRQHandler
                0x00000220                SYSCFG_IRQHandler
                0x00000220                EMUSE_IRQHandler
                0x00000220                EMUDG_IRQHandler
                0x00000220                USART1_TX_IRQHandler
                0x00000220                SMU_PRIVILEGED_IRQHandler
                0x00000220                MSC_IRQHandler
                0x00000220                DPLL0_IRQHandler
                0x00000220                UsageFault_Handler
                0x00000220                M33CTI1_IRQHandler
                0x00000220                TIMER4_IRQHandler
                0x00000220                GPIO_EVEN_IRQHandler
                0x00000220                LDMA_IRQHandler
                0x00000220                SW0_IRQHandler
                0x00000220                TIMER0_IRQHandler
                0x00000220                ULFRCO_IRQHandler
                0x00000220                LETIMER0_IRQHandler
                0x00000220                TIMER1_IRQHandler
                0x00000220                HFRCO0_IRQHandler
                0x00000220                RFSENSE_IRQHandler
                0x00000220                BUFC_IRQHandler
                0x00000220                DCDC_IRQHandler
                0x00000220                MODEM_IRQHandler
                0x00000220                Default_Handler
                0x00000220                RAC_SEQ_IRQHandler
                0x00000220                FRC_PRI_IRQHandler
                0x00000220                SW3_IRQHandler
                0x00000220                EMU_IRQHandler
                0x00000220                KERNEL0_IRQHandler
                0x00000220                FRC_IRQHandler
                0x00000220                KERNEL1_IRQHandler
                0x00000220                AGC_IRQHandler
                0x00000220                sl_app_properties
                0x00000220                BURTC_IRQHandler
                0x00000220                LFRCO_IRQHandler
                0x00000220                USART0_RX_IRQHandler
                0x00000220                MemManage_Handler
                0x00000220                RDMAILBOX_IRQHandler
                0x00000220                SVC_Handler
                0x00000220                RTCC_IRQHandler
                0x00000220                SW1_IRQHandler
                0x00000220                CMU_IRQHandler
                0x00000220                RAC_RSM_IRQHandler
                0x00000220                EUART0_TX_IRQHandler
                0x00000220                EUART0_RX_IRQHandler
                0x00000220                GPIO_ODD_IRQHandler
                0x00000220                AES_IRQHandler
                0x00000220                M33CTI0_IRQHandler
                0x00000220                ICACHE0_IRQHandler
                0x00000220                SMU_NS_PRIVILEGED_IRQHandler
                0x00000220                PROTIMER_IRQHandler
                0x00000220                BusFault_Handler
                0x00000220                TRNG_IRQHandler
 .text.SystemInit
                0x00000224       0x2c ./CMSIS/EFR32BG22/system_efr32bg22.o
                0x00000224                SystemInit
 .text.BUS_RegBitWrite
                0x00000250       0x3a ./emlib/em_cmu.o
 *fill*         0x0000028a        0x2 
 .text.CMU_ClockEnable
                0x0000028c       0x6c ./emlib/em_cmu.o
                0x0000028c                CMU_ClockEnable
 .text.GPIO_PinOutClear
                0x000002f8       0x54 ./emlib/em_gpio.o
 .text.GPIO_PinOutSet
                0x0000034c       0x54 ./emlib/em_gpio.o
 .text.GPIO_PinModeSet
                0x000003a0      0x10c ./emlib/em_gpio.o
                0x000003a0                GPIO_PinModeSet
 .text.config_init_si5356d
                0x000004ac      0x100 ./src/Si5356D.o
                0x000004ac                config_init_si5356d
 .text.config_si5356d_49M_90M
                0x000005ac      0x100 ./src/Si5356D.o
                0x000005ac                config_si5356d_49M_90M
 .text.config_si5356d_49M_49M
                0x000006ac      0x100 ./src/Si5356D.o
                0x000006ac                config_si5356d_49M_49M
 .text.config_si5356d_49M_45M
                0x000007ac      0x100 ./src/Si5356D.o
                0x000007ac                config_si5356d_49M_45M
 .text.config_si5356d_49M_24M
                0x000008ac      0x100 ./src/Si5356D.o
                0x000008ac                config_si5356d_49M_24M
 .text.config_si5356d_49M_22M
                0x000009ac      0x100 ./src/Si5356D.o
                0x000009ac                config_si5356d_49M_22M
 .text.config_si5356d_49M_12M
                0x00000aac      0x100 ./src/Si5356D.o
                0x00000aac                config_si5356d_49M_12M
 .text.config_si5356d_49M_11M
                0x00000bac      0x100 ./src/Si5356D.o
                0x00000bac                config_si5356d_49M_11M
 .text.config_si5356d_10M_98M
                0x00000cac      0x100 ./src/Si5356D.o
                0x00000cac                config_si5356d_10M_98M
 .text.config_si5356d_10M_90M
                0x00000dac      0x100 ./src/Si5356D.o
                0x00000dac                config_si5356d_10M_90M
 .text.config_si5356d_10M_49M
                0x00000eac      0x100 ./src/Si5356D.o
                0x00000eac                config_si5356d_10M_49M
 .text.config_si5356d_10M_45M
                0x00000fac      0x100 ./src/Si5356D.o
                0x00000fac                config_si5356d_10M_45M
 .text.config_si5356d_10M_24M
                0x000010ac      0x100 ./src/Si5356D.o
                0x000010ac                config_si5356d_10M_24M
 .text.config_si5356d_10M_22M
                0x000011ac      0x100 ./src/Si5356D.o
                0x000011ac                config_si5356d_10M_22M
 .text.config_si5356d_10M_12M
                0x000012ac      0x100 ./src/Si5356D.o
                0x000012ac                config_si5356d_10M_12M
 .text.config_si5356d_10M_11M
                0x000013ac      0x100 ./src/Si5356D.o
                0x000013ac                config_si5356d_10M_11M
 .text.config_si5356d_100M_98M
                0x000014ac      0x100 ./src/Si5356D.o
                0x000014ac                config_si5356d_100M_98M
 .text.config_si5356d_100M_90M
                0x000015ac      0x100 ./src/Si5356D.o
                0x000015ac                config_si5356d_100M_90M
 .text.config_si5356d_100M_49M
                0x000016ac      0x100 ./src/Si5356D.o
                0x000016ac                config_si5356d_100M_49M
 .text.config_si5356d_100M_45M
                0x000017ac      0x100 ./src/Si5356D.o
                0x000017ac                config_si5356d_100M_45M
 .text.config_si5356d_100M_24M
                0x000018ac      0x100 ./src/Si5356D.o
                0x000018ac                config_si5356d_100M_24M
 .text.config_si5356d_100M_22M
                0x000019ac      0x100 ./src/Si5356D.o
                0x000019ac                config_si5356d_100M_22M
 .text.config_si5356d_100M_12M
                0x00001aac      0x100 ./src/Si5356D.o
                0x00001aac                config_si5356d_100M_12M
 .text.config_si5356d_100M_11M
                0x00001bac      0x100 ./src/Si5356D.o
                0x00001bac                config_si5356d_100M_11M
 .text.SYSTEM_GetProdRev
                0x00001cac       0x1c ./src/main.o
 .text.BUS_RegBitRead
                0x00001cc8       0x24 ./src/main.o
 .text.GPIO_PinInGet
                0x00001cec       0x48 ./src/main.o
 .text.GPIO_PinOutClear
                0x00001d34       0x54 ./src/main.o
 .text.GPIO_PinOutSet
                0x00001d88       0x54 ./src/main.o
 .text.CHIP_Init
                0x00001ddc       0x5c ./src/main.o
 .text.pll_init
                0x00001e38       0x38 ./src/main.o
                0x00001e38                pll_init
 .text.sel_init
                0x00001e70       0x34 ./src/main.o
                0x00001e70                sel_init
 .text.rs_init  0x00001ea4       0x28 ./src/main.o
                0x00001ea4                rs_init
 .text.lock_init
                0x00001ecc       0x24 ./src/main.o
                0x00001ecc                lock_init
 .text.dalay    0x00001ef0       0x24 ./src/main.o
                0x00001ef0                dalay
 .text.dalay_us
                0x00001f14       0x28 ./src/main.o
                0x00001f14                dalay_us
 .text.delay    0x00001f3c       0x28 ./src/main.o
                0x00001f3c                delay
 .text.Delay_Us
                0x00001f64       0x3c ./src/main.o
                0x00001f64                Delay_Us
 .text.dalay_ms
                0x00001fa0       0x3a ./src/main.o
                0x00001fa0                dalay_ms
 *fill*         0x00001fda        0x2 
 .text.main     0x00001fdc     0x102c ./src/main.o
                0x00001fdc                main
 .text.BUS_RegBitRead
                0x00003008       0x24 ./src/moni_I2C_A.o
 .text.GPIO_PinInGet
                0x0000302c       0x48 ./src/moni_I2C_A.o
 .text.GPIO_PinOutClear
                0x00003074       0x54 ./src/moni_I2C_A.o
 .text.GPIO_PinOutSet
                0x000030c8       0x54 ./src/moni_I2C_A.o
 .text.i2c_gpio_init_A
                0x0000311c       0x28 ./src/moni_I2C_A.o
                0x0000311c                i2c_gpio_init_A
 .text.I2C_Start_A
                0x00003144       0x46 ./src/moni_I2C_A.o
                0x00003144                I2C_Start_A
 .text.I2C_Stop_A
                0x0000318a       0x46 ./src/moni_I2C_A.o
                0x0000318a                I2C_Stop_A
 .text.I2C_NoAck_A
                0x000031d0       0x4c ./src/moni_I2C_A.o
                0x000031d0                I2C_NoAck_A
 .text.I2C_WaitAck_A
                0x0000321c       0x74 ./src/moni_I2C_A.o
                0x0000321c                I2C_WaitAck_A
 .text.I2C_SendByte_A
                0x00003290       0x78 ./src/moni_I2C_A.o
                0x00003290                I2C_SendByte_A
 .text.I2C_RecvByte_A
                0x00003308       0x78 ./src/moni_I2C_A.o
                0x00003308                I2C_RecvByte_A
 .text.moni_IIC_Write_A
                0x00003380       0x94 ./src/moni_I2C_A.o
                0x00003380                moni_IIC_Write_A
 .text.moni_IIC_Read_A
                0x00003414       0xac ./src/moni_I2C_A.o
                0x00003414                moni_IIC_Read_A
 .text.exit     0x000034c0       0x28 d:/siliconlabs/simplicitystudio/v4/developer/toolchains/gnu_arm/7.2_2017q4/bin/../lib/gcc/arm-none-eabi/7.2.1/../../../../arm-none-eabi/lib/thumb/v8-m.main/fpv5-sp/softfp\libc_nano.a(lib_a-exit.o)
                0x000034c0                exit
 .text.__libc_init_array
                0x000034e8       0x48 d:/siliconlabs/simplicitystudio/v4/developer/toolchains/gnu_arm/7.2_2017q4/bin/../lib/gcc/arm-none-eabi/7.2.1/../../../../arm-none-eabi/lib/thumb/v8-m.main/fpv5-sp/softfp\libc_nano.a(lib_a-init.o)
                0x000034e8                __libc_init_array
 .text.memset   0x00003530       0x10 d:/siliconlabs/simplicitystudio/v4/developer/toolchains/gnu_arm/7.2_2017q4/bin/../lib/gcc/arm-none-eabi/7.2.1/../../../../arm-none-eabi/lib/thumb/v8-m.main/fpv5-sp/softfp\libc_nano.a(lib_a-memset.o)
                0x00003530                memset
 .text._exit    0x00003540        0x4 d:/siliconlabs/simplicitystudio/v4/developer/toolchains/gnu_arm/7.2_2017q4/bin/../lib/gcc/arm-none-eabi/7.2.1/../../../../arm-none-eabi/lib/thumb/v8-m.main/fpv5-sp/softfp\libnosys.a(_exit.o)
                0x00003540                _exit
 *(.init)
 .init          0x00003544        0x4 d:/siliconlabs/simplicitystudio/v4/developer/toolchains/gnu_arm/7.2_2017q4/bin/../lib/gcc/arm-none-eabi/7.2.1/thumb/v8-m.main/fpv5-sp/softfp/crti.o
                0x00003544                _init
 .init          0x00003548        0x8 d:/siliconlabs/simplicitystudio/v4/developer/toolchains/gnu_arm/7.2_2017q4/bin/../lib/gcc/arm-none-eabi/7.2.1/thumb/v8-m.main/fpv5-sp/softfp/crtn.o
 *(.fini)
 .fini          0x00003550        0x4 d:/siliconlabs/simplicitystudio/v4/developer/toolchains/gnu_arm/7.2_2017q4/bin/../lib/gcc/arm-none-eabi/7.2.1/thumb/v8-m.main/fpv5-sp/softfp/crti.o
                0x00003550                _fini
 .fini          0x00003554        0x8 d:/siliconlabs/simplicitystudio/v4/developer/toolchains/gnu_arm/7.2_2017q4/bin/../lib/gcc/arm-none-eabi/7.2.1/thumb/v8-m.main/fpv5-sp/softfp/crtn.o
 *crtbegin.o(.ctors)
 *crtbegin?.o(.ctors)
 *(EXCLUDE_FILE(*crtend.o *crtend?.o) .ctors)
 *(SORT_BY_NAME(.ctors.*))
 *(.ctors)
 *crtbegin.o(.dtors)
 *crtbegin?.o(.dtors)
 *(EXCLUDE_FILE(*crtend.o *crtend?.o) .dtors)
 *(SORT_BY_NAME(.dtors.*))
 *(.dtors)
 *(.rodata*)
 .rodata.reg_store_100M_98M
                0x0000355c      0x41a ./src/Si5356D.o
                0x0000355c                reg_store_100M_98M
 *fill*         0x00003976        0x2 
 .rodata.reg_store_100M_90M
                0x00003978      0x41a ./src/Si5356D.o
                0x00003978                reg_store_100M_90M
 *fill*         0x00003d92        0x2 
 .rodata.reg_store_100M_49M
                0x00003d94      0x41a ./src/Si5356D.o
                0x00003d94                reg_store_100M_49M
 *fill*         0x000041ae        0x2 
 .rodata.reg_store_100M_45M
                0x000041b0      0x41a ./src/Si5356D.o
                0x000041b0                reg_store_100M_45M
 *fill*         0x000045ca        0x2 
 .rodata.reg_store_100M_24M
                0x000045cc      0x41a ./src/Si5356D.o
                0x000045cc                reg_store_100M_24M
 *fill*         0x000049e6        0x2 
 .rodata.reg_store_100M_22M
                0x000049e8      0x41a ./src/Si5356D.o
                0x000049e8                reg_store_100M_22M
 *fill*         0x00004e02        0x2 
 .rodata.reg_store_100M_12M
                0x00004e04      0x41a ./src/Si5356D.o
                0x00004e04                reg_store_100M_12M
 *fill*         0x0000521e        0x2 
 .rodata.reg_store_100M_11M
                0x00005220      0x41a ./src/Si5356D.o
                0x00005220                reg_store_100M_11M
 *fill*         0x0000563a        0x2 
 .rodata.reg_store_49M_98M
                0x0000563c      0x41a ./src/Si5356D.o
                0x0000563c                reg_store_49M_98M
 *fill*         0x00005a56        0x2 
 .rodata.reg_store_49M_90M
                0x00005a58      0x41a ./src/Si5356D.o
                0x00005a58                reg_store_49M_90M
 *fill*         0x00005e72        0x2 
 .rodata.reg_store_49M_49M
                0x00005e74      0x41a ./src/Si5356D.o
                0x00005e74                reg_store_49M_49M
 *fill*         0x0000628e        0x2 
 .rodata.reg_store_49M_45M
                0x00006290      0x41a ./src/Si5356D.o
                0x00006290                reg_store_49M_45M
 *fill*         0x000066aa        0x2 
 .rodata.reg_store_49M_24M
                0x000066ac      0x41a ./src/Si5356D.o
                0x000066ac                reg_store_49M_24M
 *fill*         0x00006ac6        0x2 
 .rodata.reg_store_49M_22M
                0x00006ac8      0x41a ./src/Si5356D.o
                0x00006ac8                reg_store_49M_22M
 *fill*         0x00006ee2        0x2 
 .rodata.reg_store_49M_12M
                0x00006ee4      0x41a ./src/Si5356D.o
                0x00006ee4                reg_store_49M_12M
 *fill*         0x000072fe        0x2 
 .rodata.reg_store_49M_11M
                0x00007300      0x41a ./src/Si5356D.o
                0x00007300                reg_store_49M_11M
 *fill*         0x0000771a        0x2 
 .rodata.reg_store_10M_98M
                0x0000771c      0x41a ./src/Si5356D.o
                0x0000771c                reg_store_10M_98M
 *fill*         0x00007b36        0x2 
 .rodata.reg_store_10M_90M
                0x00007b38      0x41a ./src/Si5356D.o
                0x00007b38                reg_store_10M_90M
 *fill*         0x00007f52        0x2 
 .rodata.reg_store_10M_49M
                0x00007f54      0x41a ./src/Si5356D.o
                0x00007f54                reg_store_10M_49M
 *fill*         0x0000836e        0x2 
 .rodata.reg_store_10M_45M
                0x00008370      0x41a ./src/Si5356D.o
                0x00008370                reg_store_10M_45M
 *fill*         0x0000878a        0x2 
 .rodata.reg_store_10M_24M
                0x0000878c      0x41a ./src/Si5356D.o
                0x0000878c                reg_store_10M_24M
 *fill*         0x00008ba6        0x2 
 .rodata.reg_store_10M_22M
                0x00008ba8      0x41a ./src/Si5356D.o
                0x00008ba8                reg_store_10M_22M
 *fill*         0x00008fc2        0x2 
 .rodata.reg_store_10M_12M
                0x00008fc4      0x41a ./src/Si5356D.o
                0x00008fc4                reg_store_10M_12M
 *fill*         0x000093de        0x2 
 .rodata.reg_store_10M_11M
                0x000093e0      0x41a ./src/Si5356D.o
                0x000093e0                reg_store_10M_11M
 *fill*         0x000097fa        0x2 
 .rodata._global_impure_ptr
                0x000097fc        0x4 d:/siliconlabs/simplicitystudio/v4/developer/toolchains/gnu_arm/7.2_2017q4/bin/../lib/gcc/arm-none-eabi/7.2.1/../../../../arm-none-eabi/lib/thumb/v8-m.main/fpv5-sp/softfp\libc_nano.a(lib_a-impure.o)
                0x000097fc                _global_impure_ptr
 *(.eh_frame*)
 .eh_frame      0x00009800        0x0 d:/siliconlabs/simplicitystudio/v4/developer/toolchains/gnu_arm/7.2_2017q4/bin/../lib/gcc/arm-none-eabi/7.2.1/thumb/v8-m.main/fpv5-sp/softfp/crtbegin.o
 .eh_frame      0x00009800        0x4 d:/siliconlabs/simplicitystudio/v4/developer/toolchains/gnu_arm/7.2_2017q4/bin/../lib/gcc/arm-none-eabi/7.2.1/thumb/v8-m.main/fpv5-sp/softfp/crtend.o

.glue_7         0x00009804        0x0
 .glue_7        0x00009804        0x0 linker stubs

.glue_7t        0x00009804        0x0
 .glue_7t       0x00009804        0x0 linker stubs

.vfp11_veneer   0x00009804        0x0
 .vfp11_veneer  0x00009804        0x0 linker stubs

.v4_bx          0x00009804        0x0
 .v4_bx         0x00009804        0x0 linker stubs

.iplt           0x00009804        0x0
 .iplt          0x00009804        0x0 d:/siliconlabs/simplicitystudio/v4/developer/toolchains/gnu_arm/7.2_2017q4/bin/../lib/gcc/arm-none-eabi/7.2.1/thumb/v8-m.main/fpv5-sp/softfp/crtbegin.o

.ARM.extab
 *(.ARM.extab* .gnu.linkonce.armextab.*)
                0x00009804                __exidx_start = .

.ARM.exidx      0x00009804        0x8
 *(.ARM.exidx* .gnu.linkonce.armexidx.*)
 .ARM.exidx     0x00009804        0x8 d:/siliconlabs/simplicitystudio/v4/developer/toolchains/gnu_arm/7.2_2017q4/bin/../lib/gcc/arm-none-eabi/7.2.1/../../../../arm-none-eabi/lib/thumb/v8-m.main/fpv5-sp/softfp/crt0.o
                0x0000980c                __exidx_end = .
                0x0000980c                __etext = .

.rel.dyn        0x0000980c        0x0
 .rel.iplt      0x0000980c        0x0 d:/siliconlabs/simplicitystudio/v4/developer/toolchains/gnu_arm/7.2_2017q4/bin/../lib/gcc/arm-none-eabi/7.2.1/thumb/v8-m.main/fpv5-sp/softfp/crtbegin.o

.data           0x20000000       0x68 load address 0x0000980c
                0x20000000                __data_start__ = .
 *(vtable)
 *(.data*)
 .data.impure_data
                0x20000000       0x60 d:/siliconlabs/simplicitystudio/v4/developer/toolchains/gnu_arm/7.2_2017q4/bin/../lib/gcc/arm-none-eabi/7.2.1/../../../../arm-none-eabi/lib/thumb/v8-m.main/fpv5-sp/softfp\libc_nano.a(lib_a-impure.o)
                0x20000060                . = ALIGN (0x4)
 *(.ram)
                0x20000060                . = ALIGN (0x4)
                0x20000060                PROVIDE (__preinit_array_start, .)
 *(.preinit_array)
                0x20000060                PROVIDE (__preinit_array_end, .)
                0x20000060                . = ALIGN (0x4)
                0x20000060                PROVIDE (__init_array_start, .)
 *(SORT_BY_NAME(.init_array.*))
 *(.init_array)
 .init_array    0x20000060        0x4 d:/siliconlabs/simplicitystudio/v4/developer/toolchains/gnu_arm/7.2_2017q4/bin/../lib/gcc/arm-none-eabi/7.2.1/thumb/v8-m.main/fpv5-sp/softfp/crtbegin.o
                0x20000064                PROVIDE (__init_array_end, .)
                0x20000064                . = ALIGN (0x4)
                [!provide]                PROVIDE (__fini_array_start, .)
 *(SORT_BY_NAME(.fini_array.*))
 *(.fini_array)
 .fini_array    0x20000064        0x4 d:/siliconlabs/simplicitystudio/v4/developer/toolchains/gnu_arm/7.2_2017q4/bin/../lib/gcc/arm-none-eabi/7.2.1/thumb/v8-m.main/fpv5-sp/softfp/crtbegin.o
                [!provide]                PROVIDE (__fini_array_end, .)
 *(.jcr*)
                0x20000068                . = ALIGN (0x4)
                0x20000068                __data_end__ = .

.igot.plt       0x20000068        0x0 load address 0x00009874
 .igot.plt      0x20000068        0x0 d:/siliconlabs/simplicitystudio/v4/developer/toolchains/gnu_arm/7.2_2017q4/bin/../lib/gcc/arm-none-eabi/7.2.1/thumb/v8-m.main/fpv5-sp/softfp/crtbegin.o

.bss            0x20000068       0x2c load address 0x00009874
                0x20000068                . = ALIGN (0x4)
                0x20000068                __bss_start__ = .
 *(.bss*)
 .bss           0x20000068       0x1c d:/siliconlabs/simplicitystudio/v4/developer/toolchains/gnu_arm/7.2_2017q4/bin/../lib/gcc/arm-none-eabi/7.2.1/thumb/v8-m.main/fpv5-sp/softfp/crtbegin.o
 *(COMMON)
 COMMON         0x20000084        0xd ./src/main.o
                0x20000084                rs0_val
                0x20000085                xset_val
                0x20000086                rs1_val
                0x20000087                los_old
                0x20000088                xset_clk_old
                0x20000089                reg_val
                0x2000008a                sel2_val
                0x2000008b                sel1_val
                0x2000008c                lol
                0x2000008d                sel0_val
                0x2000008e                xset_clk
                0x2000008f                lol_old
                0x20000090                los
                0x20000094                . = ALIGN (0x4)
 *fill*         0x20000091        0x3 
                0x20000094                __bss_end__ = .

.heap           0x20000098      0xc00
                0x20000098                __HeapBase = .
                0x20000098                __end__ = .
                0x20000098                end = __end__
                0x20000098                _end = __end__
 *(.heap*)
 .heap          0x20000098      0xc00 ./CMSIS/EFR32BG22/startup_gcc_efr32bg22.o
                0x20000c98                __HeapLimit = .

.stack_dummy    0x20000098      0x400
 *(.stack*)
 .stack         0x20000098      0x400 ./CMSIS/EFR32BG22/startup_gcc_efr32bg22.o
                0x20008000                __StackTop = (ORIGIN (RAM) + LENGTH (RAM))
                0x20007c00                __StackLimit = (__StackTop - SIZEOF (.stack_dummy))
                0x20008000                PROVIDE (__stack, __StackTop)
                0x00000001                ASSERT ((__StackLimit >= __HeapLimit), region RAM overflowed with stack)
                0x00000001                ASSERT ((LENGTH (FLASH) >= (__etext + SIZEOF (.data))), FLASH memory overflowed !)
OUTPUT(EFR32BG22C112F352GM32.axf elf32-littlearm)

.ARM.attributes
                0x00000000       0x34
 .ARM.attributes
                0x00000000       0x26 d:/siliconlabs/simplicitystudio/v4/developer/toolchains/gnu_arm/7.2_2017q4/bin/../lib/gcc/arm-none-eabi/7.2.1/thumb/v8-m.main/fpv5-sp/softfp/crti.o
 .ARM.attributes
                0x00000026       0x36 d:/siliconlabs/simplicitystudio/v4/developer/toolchains/gnu_arm/7.2_2017q4/bin/../lib/gcc/arm-none-eabi/7.2.1/thumb/v8-m.main/fpv5-sp/softfp/crtbegin.o
 .ARM.attributes
                0x0000005c       0x24 d:/siliconlabs/simplicitystudio/v4/developer/toolchains/gnu_arm/7.2_2017q4/bin/../lib/gcc/arm-none-eabi/7.2.1/../../../../arm-none-eabi/lib/thumb/v8-m.main/fpv5-sp/softfp/crt0.o
 .ARM.attributes
                0x00000080       0x24 ./CMSIS/EFR32BG22/startup_gcc_efr32bg22.o
 .ARM.attributes
                0x000000a4       0x3a ./CMSIS/EFR32BG22/system_efr32bg22.o
 .ARM.attributes
                0x000000de       0x3a ./emlib/em_cmu.o
 .ARM.attributes
                0x00000118       0x3a ./emlib/em_gpio.o
 .ARM.attributes
                0x00000152       0x3a ./src/Si5356D.o
 .ARM.attributes
                0x0000018c       0x3a ./src/main.o
 .ARM.attributes
                0x000001c6       0x3a ./src/moni_I2C_A.o
 .ARM.attributes
                0x00000200       0x36 d:/siliconlabs/simplicitystudio/v4/developer/toolchains/gnu_arm/7.2_2017q4/bin/../lib/gcc/arm-none-eabi/7.2.1/../../../../arm-none-eabi/lib/thumb/v8-m.main/fpv5-sp/softfp\libc_nano.a(lib_a-exit.o)
 .ARM.attributes
                0x00000236       0x36 d:/siliconlabs/simplicitystudio/v4/developer/toolchains/gnu_arm/7.2_2017q4/bin/../lib/gcc/arm-none-eabi/7.2.1/../../../../arm-none-eabi/lib/thumb/v8-m.main/fpv5-sp/softfp\libc_nano.a(lib_a-impure.o)
 .ARM.attributes
                0x0000026c       0x36 d:/siliconlabs/simplicitystudio/v4/developer/toolchains/gnu_arm/7.2_2017q4/bin/../lib/gcc/arm-none-eabi/7.2.1/../../../../arm-none-eabi/lib/thumb/v8-m.main/fpv5-sp/softfp\libc_nano.a(lib_a-init.o)
 .ARM.attributes
                0x000002a2       0x36 d:/siliconlabs/simplicitystudio/v4/developer/toolchains/gnu_arm/7.2_2017q4/bin/../lib/gcc/arm-none-eabi/7.2.1/../../../../arm-none-eabi/lib/thumb/v8-m.main/fpv5-sp/softfp\libc_nano.a(lib_a-memset.o)
 .ARM.attributes
                0x000002d8       0x36 d:/siliconlabs/simplicitystudio/v4/developer/toolchains/gnu_arm/7.2_2017q4/bin/../lib/gcc/arm-none-eabi/7.2.1/../../../../arm-none-eabi/lib/thumb/v8-m.main/fpv5-sp/softfp\libnosys.a(_exit.o)
 .ARM.attributes
                0x0000030e       0x36 d:/siliconlabs/simplicitystudio/v4/developer/toolchains/gnu_arm/7.2_2017q4/bin/../lib/gcc/arm-none-eabi/7.2.1/thumb/v8-m.main/fpv5-sp/softfp/crtend.o
 .ARM.attributes
                0x00000344       0x26 d:/siliconlabs/simplicitystudio/v4/developer/toolchains/gnu_arm/7.2_2017q4/bin/../lib/gcc/arm-none-eabi/7.2.1/thumb/v8-m.main/fpv5-sp/softfp/crtn.o

.comment        0x00000000       0x7e
 .comment       0x00000000       0x7e ./CMSIS/EFR32BG22/system_efr32bg22.o
                                 0x7f (size before relaxing)
 .comment       0x0000007e       0x7f ./emlib/em_cmu.o
 .comment       0x0000007e       0x7f ./emlib/em_gpio.o
 .comment       0x0000007e       0x7f ./src/Si5356D.o
 .comment       0x0000007e       0x7f ./src/main.o
 .comment       0x0000007e       0x7f ./src/moni_I2C_A.o

.debug_line     0x00000000     0x4545
 .debug_line    0x00000000       0x76 ./CMSIS/EFR32BG22/startup_gcc_efr32bg22.o
 .debug_line    0x00000076      0x8d0 ./CMSIS/EFR32BG22/system_efr32bg22.o
 .debug_line    0x00000946     0x11b7 ./emlib/em_cmu.o
 .debug_line    0x00001afd      0x9f1 ./emlib/em_gpio.o
 .debug_line    0x000024ee      0x880 ./src/Si5356D.o
 .debug_line    0x00002d6e      0xcc1 ./src/main.o
 .debug_line    0x00003a2f      0xb16 ./src/moni_I2C_A.o

.debug_info     0x00000000     0xdb6f
 .debug_info    0x00000000       0x26 ./CMSIS/EFR32BG22/startup_gcc_efr32bg22.o
 .debug_info    0x00000026     0x125e ./CMSIS/EFR32BG22/system_efr32bg22.o
 .debug_info    0x00001284     0x540b ./emlib/em_cmu.o
 .debug_info    0x0000668f     0x1fce ./emlib/em_gpio.o
 .debug_info    0x0000865d     0x128e ./src/Si5356D.o
 .debug_info    0x000098eb     0x28f7 ./src/main.o
 .debug_info    0x0000c1e2     0x198d ./src/moni_I2C_A.o

.debug_abbrev   0x00000000      0xe3b
 .debug_abbrev  0x00000000       0x14 ./CMSIS/EFR32BG22/startup_gcc_efr32bg22.o
 .debug_abbrev  0x00000014      0x1f6 ./CMSIS/EFR32BG22/system_efr32bg22.o
 .debug_abbrev  0x0000020a      0x390 ./emlib/em_cmu.o
 .debug_abbrev  0x0000059a      0x25c ./emlib/em_gpio.o
 .debug_abbrev  0x000007f6      0x101 ./src/Si5356D.o
 .debug_abbrev  0x000008f7      0x292 ./src/main.o
 .debug_abbrev  0x00000b89      0x2b2 ./src/moni_I2C_A.o

.debug_aranges  0x00000000      0x490
 .debug_aranges
                0x00000000       0x20 ./CMSIS/EFR32BG22/startup_gcc_efr32bg22.o
 .debug_aranges
                0x00000020       0x88 ./CMSIS/EFR32BG22/system_efr32bg22.o
 .debug_aranges
                0x000000a8      0x160 ./emlib/em_cmu.o
 .debug_aranges
                0x00000208       0x80 ./emlib/em_gpio.o
 .debug_aranges
                0x00000288       0xd8 ./src/Si5356D.o
 .debug_aranges
                0x00000360       0x98 ./src/main.o
 .debug_aranges
                0x000003f8       0x98 ./src/moni_I2C_A.o

.debug_str      0x00000000   0x17eebd
 .debug_str     0x00000000       0x86 ./CMSIS/EFR32BG22/startup_gcc_efr32bg22.o
 .debug_str     0x00000086   0x177b1e ./CMSIS/EFR32BG22/system_efr32bg22.o
                             0x1780ce (size before relaxing)
 .debug_str     0x00177ba4     0x5a38 ./emlib/em_cmu.o
                             0x17da62 (size before relaxing)
 .debug_str     0x0017d5dc      0x1e2 ./emlib/em_gpio.o
                             0x17910a (size before relaxing)
 .debug_str     0x0017d7be      0x50f ./src/Si5356D.o
                               0x3250 (size before relaxing)
 .debug_str     0x0017dccd      0xf97 ./src/main.o
                             0x17b509 (size before relaxing)
 .debug_str     0x0017ec64      0x259 ./src/moni_I2C_A.o
                             0x179ec1 (size before relaxing)

.debug_loc      0x00000000     0x2512
 .debug_loc     0x00000000      0x40c ./CMSIS/EFR32BG22/system_efr32bg22.o
 .debug_loc     0x0000040c      0xc12 ./emlib/em_cmu.o
 .debug_loc     0x0000101e      0x47c ./emlib/em_gpio.o
 .debug_loc     0x0000149a      0x780 ./src/Si5356D.o
 .debug_loc     0x00001c1a      0x4a0 ./src/main.o
 .debug_loc     0x000020ba      0x458 ./src/moni_I2C_A.o

.debug_ranges   0x00000000      0x410
 .debug_ranges  0x00000000       0x78 ./CMSIS/EFR32BG22/system_efr32bg22.o
 .debug_ranges  0x00000078      0x150 ./emlib/em_cmu.o
 .debug_ranges  0x000001c8       0x70 ./emlib/em_gpio.o
 .debug_ranges  0x00000238       0xc8 ./src/Si5356D.o
 .debug_ranges  0x00000300       0x88 ./src/main.o
 .debug_ranges  0x00000388       0x88 ./src/moni_I2C_A.o

.debug_macro    0x00000000    0x38843
 .debug_macro   0x00000000      0x2d8 ./CMSIS/EFR32BG22/system_efr32bg22.o
 .debug_macro   0x000002d8      0xa54 ./CMSIS/EFR32BG22/system_efr32bg22.o
 .debug_macro   0x00000d2c       0x22 ./CMSIS/EFR32BG22/system_efr32bg22.o
 .debug_macro   0x00000d4e       0x4f ./CMSIS/EFR32BG22/system_efr32bg22.o
 .debug_macro   0x00000d9d       0x51 ./CMSIS/EFR32BG22/system_efr32bg22.o
 .debug_macro   0x00000dee       0xef ./CMSIS/EFR32BG22/system_efr32bg22.o
 .debug_macro   0x00000edd       0x6a ./CMSIS/EFR32BG22/system_efr32bg22.o
 .debug_macro   0x00000f47      0x1df ./CMSIS/EFR32BG22/system_efr32bg22.o
 .debug_macro   0x00001126      0x7a4 ./CMSIS/EFR32BG22/system_efr32bg22.o
 .debug_macro   0x000018ca       0x1c ./CMSIS/EFR32BG22/system_efr32bg22.o
 .debug_macro   0x000018e6       0x29 ./CMSIS/EFR32BG22/system_efr32bg22.o
 .debug_macro   0x0000190f       0xdf ./CMSIS/EFR32BG22/system_efr32bg22.o
 .debug_macro   0x000019ee     0x1401 ./CMSIS/EFR32BG22/system_efr32bg22.o
 .debug_macro   0x00002def       0x5e ./CMSIS/EFR32BG22/system_efr32bg22.o
 .debug_macro   0x00002e4d      0xe4f ./CMSIS/EFR32BG22/system_efr32bg22.o
 .debug_macro   0x00003c9c     0x12bd ./CMSIS/EFR32BG22/system_efr32bg22.o
 .debug_macro   0x00004f59      0x87c ./CMSIS/EFR32BG22/system_efr32bg22.o
 .debug_macro   0x000057d5      0x300 ./CMSIS/EFR32BG22/system_efr32bg22.o
 .debug_macro   0x00005ad5       0x34 ./CMSIS/EFR32BG22/system_efr32bg22.o
 .debug_macro   0x00005b09      0x304 ./CMSIS/EFR32BG22/system_efr32bg22.o
 .debug_macro   0x00005e0d      0x456 ./CMSIS/EFR32BG22/system_efr32bg22.o
 .debug_macro   0x00006263      0x4a1 ./CMSIS/EFR32BG22/system_efr32bg22.o
 .debug_macro   0x00006704      0x156 ./CMSIS/EFR32BG22/system_efr32bg22.o
 .debug_macro   0x0000685a      0x764 ./CMSIS/EFR32BG22/system_efr32bg22.o
 .debug_macro   0x00006fbe      0x363 ./CMSIS/EFR32BG22/system_efr32bg22.o
 .debug_macro   0x00007321     0x14f4 ./CMSIS/EFR32BG22/system_efr32bg22.o
 .debug_macro   0x00008815       0x10 ./CMSIS/EFR32BG22/system_efr32bg22.o
 .debug_macro   0x00008825      0x997 ./CMSIS/EFR32BG22/system_efr32bg22.o
 .debug_macro   0x000091bc     0x30be ./CMSIS/EFR32BG22/system_efr32bg22.o
 .debug_macro   0x0000c27a      0xcb2 ./CMSIS/EFR32BG22/system_efr32bg22.o
 .debug_macro   0x0000cf2c       0x4c ./CMSIS/EFR32BG22/system_efr32bg22.o
 .debug_macro   0x0000cf78     0x15b8 ./CMSIS/EFR32BG22/system_efr32bg22.o
 .debug_macro   0x0000e530     0x212d ./CMSIS/EFR32BG22/system_efr32bg22.o
 .debug_macro   0x0001065d      0x53c ./CMSIS/EFR32BG22/system_efr32bg22.o
 .debug_macro   0x00010b99      0xfe5 ./CMSIS/EFR32BG22/system_efr32bg22.o
 .debug_macro   0x00011b7e      0x924 ./CMSIS/EFR32BG22/system_efr32bg22.o
 .debug_macro   0x000124a2       0x34 ./CMSIS/EFR32BG22/system_efr32bg22.o
 .debug_macro   0x000124d6      0x308 ./CMSIS/EFR32BG22/system_efr32bg22.o
 .debug_macro   0x000127de      0x6a7 ./CMSIS/EFR32BG22/system_efr32bg22.o
 .debug_macro   0x00012e85      0x618 ./CMSIS/EFR32BG22/system_efr32bg22.o
 .debug_macro   0x0001349d      0x9b0 ./CMSIS/EFR32BG22/system_efr32bg22.o
 .debug_macro   0x00013e4d      0x91e ./CMSIS/EFR32BG22/system_efr32bg22.o
 .debug_macro   0x0001476b     0x1bca ./CMSIS/EFR32BG22/system_efr32bg22.o
 .debug_macro   0x00016335      0x76b ./CMSIS/EFR32BG22/system_efr32bg22.o
 .debug_macro   0x00016aa0      0x8f3 ./CMSIS/EFR32BG22/system_efr32bg22.o
 .debug_macro   0x00017393     0x14ed ./CMSIS/EFR32BG22/system_efr32bg22.o
 .debug_macro   0x00018880      0x688 ./CMSIS/EFR32BG22/system_efr32bg22.o
 .debug_macro   0x00018f08      0x464 ./CMSIS/EFR32BG22/system_efr32bg22.o
 .debug_macro   0x0001936c     0x141b ./CMSIS/EFR32BG22/system_efr32bg22.o
 .debug_macro   0x0001a787     0x15ea ./CMSIS/EFR32BG22/system_efr32bg22.o
 .debug_macro   0x0001bd71     0x3753 ./CMSIS/EFR32BG22/system_efr32bg22.o
 .debug_macro   0x0001f4c4     0x17a9 ./CMSIS/EFR32BG22/system_efr32bg22.o
 .debug_macro   0x00020c6d      0x319 ./CMSIS/EFR32BG22/system_efr32bg22.o
 .debug_macro   0x00020f86     0x53ed ./CMSIS/EFR32BG22/system_efr32bg22.o
 .debug_macro   0x00026373     0x175c ./CMSIS/EFR32BG22/system_efr32bg22.o
 .debug_macro   0x00027acf     0x29ed ./CMSIS/EFR32BG22/system_efr32bg22.o
 .debug_macro   0x0002a4bc     0x789f ./CMSIS/EFR32BG22/system_efr32bg22.o
 .debug_macro   0x00031d5b      0x143 ./CMSIS/EFR32BG22/system_efr32bg22.o
 .debug_macro   0x00031e9e      0xfae ./CMSIS/EFR32BG22/system_efr32bg22.o
 .debug_macro   0x00032e4c     0x1376 ./CMSIS/EFR32BG22/system_efr32bg22.o
 .debug_macro   0x000341c2     0x1bff ./CMSIS/EFR32BG22/system_efr32bg22.o
 .debug_macro   0x00035dc1      0x37d ./CMSIS/EFR32BG22/system_efr32bg22.o
 .debug_macro   0x0003613e     0x106c ./CMSIS/EFR32BG22/system_efr32bg22.o
 .debug_macro   0x000371aa      0x391 ./emlib/em_cmu.o
 .debug_macro   0x0003753b       0x69 ./emlib/em_cmu.o
 .debug_macro   0x000375a4       0x58 ./emlib/em_cmu.o
 .debug_macro   0x000375fc      0x34d ./emlib/em_cmu.o
 .debug_macro   0x00037949       0x25 ./emlib/em_cmu.o
 .debug_macro   0x0003796e       0xee ./emlib/em_cmu.o
 .debug_macro   0x00037a5c       0x33 ./emlib/em_cmu.o
 .debug_macro   0x00037a8f      0x2df ./emlib/em_gpio.o
 .debug_macro   0x00037d6e      0x110 ./src/Si5356D.o
 .debug_macro   0x00037e7e       0x2e ./src/Si5356D.o
 .debug_macro   0x00037eac      0x3a8 ./src/main.o
 .debug_macro   0x00038254      0x1e4 ./src/main.o
 .debug_macro   0x00038438       0xbc ./src/main.o
 .debug_macro   0x000384f4      0x34f ./src/moni_I2C_A.o

.debug_frame    0x00000000     0x122c
 .debug_frame   0x00000000      0x1ec ./CMSIS/EFR32BG22/system_efr32bg22.o
 .debug_frame   0x000001ec      0x5c0 ./emlib/em_cmu.o
 .debug_frame   0x000007ac      0x208 ./emlib/em_gpio.o
 .debug_frame   0x000009b4      0x370 ./src/Si5356D.o
 .debug_frame   0x00000d24      0x244 ./src/main.o
 .debug_frame   0x00000f68      0x230 ./src/moni_I2C_A.o
 .debug_frame   0x00001198       0x28 d:/siliconlabs/simplicitystudio/v4/developer/toolchains/gnu_arm/7.2_2017q4/bin/../lib/gcc/arm-none-eabi/7.2.1/../../../../arm-none-eabi/lib/thumb/v8-m.main/fpv5-sp/softfp\libc_nano.a(lib_a-exit.o)
 .debug_frame   0x000011c0       0x2c d:/siliconlabs/simplicitystudio/v4/developer/toolchains/gnu_arm/7.2_2017q4/bin/../lib/gcc/arm-none-eabi/7.2.1/../../../../arm-none-eabi/lib/thumb/v8-m.main/fpv5-sp/softfp\libc_nano.a(lib_a-init.o)
 .debug_frame   0x000011ec       0x20 d:/siliconlabs/simplicitystudio/v4/developer/toolchains/gnu_arm/7.2_2017q4/bin/../lib/gcc/arm-none-eabi/7.2.1/../../../../arm-none-eabi/lib/thumb/v8-m.main/fpv5-sp/softfp\libc_nano.a(lib_a-memset.o)
 .debug_frame   0x0000120c       0x20 d:/siliconlabs/simplicitystudio/v4/developer/toolchains/gnu_arm/7.2_2017q4/bin/../lib/gcc/arm-none-eabi/7.2.1/../../../../arm-none-eabi/lib/thumb/v8-m.main/fpv5-sp/softfp\libnosys.a(_exit.o)
